Archive member included to satisfy reference by file (symbol)

c:/st/stm32cubeide_1.4.0/stm32cubeide/plugins/com.st.stm32cube.ide.mcu.externaltools.gnu-tools-for-stm32.7-2018-q2-update.win32_1.4.0.202007081208/tools/bin/../lib/gcc/arm-none-eabi/7.3.1/../../../../arm-none-eabi/lib/thumb/v7-m\libc_nano.a(lib_a-errno.o)
                              Src/syscalls.o (__errno)
c:/st/stm32cubeide_1.4.0/stm32cubeide/plugins/com.st.stm32cube.ide.mcu.externaltools.gnu-tools-for-stm32.7-2018-q2-update.win32_1.4.0.202007081208/tools/bin/../lib/gcc/arm-none-eabi/7.3.1/../../../../arm-none-eabi/lib/thumb/v7-m\libc_nano.a(lib_a-exit.o)
                              c:/st/stm32cubeide_1.4.0/stm32cubeide/plugins/com.st.stm32cube.ide.mcu.externaltools.gnu-tools-for-stm32.7-2018-q2-update.win32_1.4.0.202007081208/tools/bin/../lib/gcc/arm-none-eabi/7.3.1/../../../../arm-none-eabi/lib/thumb/v7-m/crt0.o (exit)
c:/st/stm32cubeide_1.4.0/stm32cubeide/plugins/com.st.stm32cube.ide.mcu.externaltools.gnu-tools-for-stm32.7-2018-q2-update.win32_1.4.0.202007081208/tools/bin/../lib/gcc/arm-none-eabi/7.3.1/../../../../arm-none-eabi/lib/thumb/v7-m\libc_nano.a(lib_a-impure.o)
                              c:/st/stm32cubeide_1.4.0/stm32cubeide/plugins/com.st.stm32cube.ide.mcu.externaltools.gnu-tools-for-stm32.7-2018-q2-update.win32_1.4.0.202007081208/tools/bin/../lib/gcc/arm-none-eabi/7.3.1/../../../../arm-none-eabi/lib/thumb/v7-m\libc_nano.a(lib_a-exit.o) (_global_impure_ptr)
c:/st/stm32cubeide_1.4.0/stm32cubeide/plugins/com.st.stm32cube.ide.mcu.externaltools.gnu-tools-for-stm32.7-2018-q2-update.win32_1.4.0.202007081208/tools/bin/../lib/gcc/arm-none-eabi/7.3.1/../../../../arm-none-eabi/lib/thumb/v7-m\libc_nano.a(lib_a-init.o)
                              c:/st/stm32cubeide_1.4.0/stm32cubeide/plugins/com.st.stm32cube.ide.mcu.externaltools.gnu-tools-for-stm32.7-2018-q2-update.win32_1.4.0.202007081208/tools/bin/../lib/gcc/arm-none-eabi/7.3.1/../../../../arm-none-eabi/lib/thumb/v7-m/crt0.o (__libc_init_array)
c:/st/stm32cubeide_1.4.0/stm32cubeide/plugins/com.st.stm32cube.ide.mcu.externaltools.gnu-tools-for-stm32.7-2018-q2-update.win32_1.4.0.202007081208/tools/bin/../lib/gcc/arm-none-eabi/7.3.1/../../../../arm-none-eabi/lib/thumb/v7-m\libc_nano.a(lib_a-memcpy-stub.o)
                              Free_RTOS/queue.o (memcpy)
c:/st/stm32cubeide_1.4.0/stm32cubeide/plugins/com.st.stm32cube.ide.mcu.externaltools.gnu-tools-for-stm32.7-2018-q2-update.win32_1.4.0.202007081208/tools/bin/../lib/gcc/arm-none-eabi/7.3.1/../../../../arm-none-eabi/lib/thumb/v7-m\libc_nano.a(lib_a-memset.o)
                              c:/st/stm32cubeide_1.4.0/stm32cubeide/plugins/com.st.stm32cube.ide.mcu.externaltools.gnu-tools-for-stm32.7-2018-q2-update.win32_1.4.0.202007081208/tools/bin/../lib/gcc/arm-none-eabi/7.3.1/../../../../arm-none-eabi/lib/thumb/v7-m/crt0.o (memset)
c:/st/stm32cubeide_1.4.0/stm32cubeide/plugins/com.st.stm32cube.ide.mcu.externaltools.gnu-tools-for-stm32.7-2018-q2-update.win32_1.4.0.202007081208/tools/bin/../lib/gcc/arm-none-eabi/7.3.1/../../../../arm-none-eabi/lib/thumb/v7-m\libc_nano.a(lib_a-nano-vfprintf_float.o)
                              (_printf_float)
c:/st/stm32cubeide_1.4.0/stm32cubeide/plugins/com.st.stm32cube.ide.mcu.externaltools.gnu-tools-for-stm32.7-2018-q2-update.win32_1.4.0.202007081208/tools/bin/../lib/gcc/arm-none-eabi/7.3.1/../../../../arm-none-eabi/lib/thumb/v7-m\libc_nano.a(lib_a-nano-vfprintf_i.o)
                              c:/st/stm32cubeide_1.4.0/stm32cubeide/plugins/com.st.stm32cube.ide.mcu.externaltools.gnu-tools-for-stm32.7-2018-q2-update.win32_1.4.0.202007081208/tools/bin/../lib/gcc/arm-none-eabi/7.3.1/../../../../arm-none-eabi/lib/thumb/v7-m\libc_nano.a(lib_a-nano-vfprintf_float.o) (_printf_common)
c:/st/stm32cubeide_1.4.0/stm32cubeide/plugins/com.st.stm32cube.ide.mcu.externaltools.gnu-tools-for-stm32.7-2018-q2-update.win32_1.4.0.202007081208/tools/bin/../lib/gcc/arm-none-eabi/7.3.1/../../../../arm-none-eabi/lib/thumb/v7-m\libc_nano.a(lib_a-strlen.o)
                              c:/st/stm32cubeide_1.4.0/stm32cubeide/plugins/com.st.stm32cube.ide.mcu.externaltools.gnu-tools-for-stm32.7-2018-q2-update.win32_1.4.0.202007081208/tools/bin/../lib/gcc/arm-none-eabi/7.3.1/../../../../arm-none-eabi/lib/thumb/v7-m\libc_nano.a(lib_a-nano-vfprintf_float.o) (strlen)
c:/st/stm32cubeide_1.4.0/stm32cubeide/plugins/com.st.stm32cube.ide.mcu.externaltools.gnu-tools-for-stm32.7-2018-q2-update.win32_1.4.0.202007081208/tools/bin/../lib/gcc/arm-none-eabi/7.3.1/../../../../arm-none-eabi/lib/thumb/v7-m\libc_nano.a(lib_a-strncmp.o)
                              HAL/gps.o (strncmp)
c:/st/stm32cubeide_1.4.0/stm32cubeide/plugins/com.st.stm32cube.ide.mcu.externaltools.gnu-tools-for-stm32.7-2018-q2-update.win32_1.4.0.202007081208/tools/bin/../lib/gcc/arm-none-eabi/7.3.1/../../../../arm-none-eabi/lib/thumb/v7-m\libc_nano.a(lib_a-strncpy.o)
                              HAL/gps.o (strncpy)
[...]
Memory Configuration

Name             Origin             Length             Attributes
RAM              0x0000000020000000 0x0000000000002800 xrw
ROM              0x0000000008000000 0x0000000000008000 xr
*default*        0x0000000000000000 0xffffffffffffffff

Linker script and memory map

LOAD c:/st/stm32cubeide_1.4.0/stm32cubeide/plugins/com.st.stm32cube.ide.mcu.externaltools.gnu-tools-for-stm32.7-2018-q2-update.win32_1.4.0.202007081208/tools/bin/../lib/gcc/arm-none-eabi/7.3.1/thumb/v7-m/crti.o
LOAD c:/st/stm32cubeide_1.4.0/stm32cubeide/plugins/com.st.stm32cube.ide.mcu.externaltools.gnu-tools-for-stm32.7-2018-q2-update.win32_1.4.0.202007081208/tools/bin/../lib/gcc/arm-none-eabi/7.3.1/thumb/v7-m/crtbegin.o
LOAD c:/st/stm32cubeide_1.4.0/stm32cubeide/plugins/com.st.stm32cube.ide.mcu.externaltools.gnu-tools-for-stm32.7-2018-q2-update.win32_1.4.0.202007081208/tools/bin/../lib/gcc/arm-none-eabi/7.3.1/../../../../arm-none-eabi/lib/thumb/v7-m/crt0.o
LOAD Free_RTOS/croutine.o
LOAD Free_RTOS/event_groups.o
LOAD Free_RTOS/list.o
LOAD Free_RTOS/queue.o
LOAD Free_RTOS/stream_buffer.o
LOAD Free_RTOS/tasks.o
LOAD Free_RTOS/timers.o
LOAD Free_RTOS/portable/GCC/ARM_CM3/port.o
LOAD Free_RTOS/portable/MemMang/heap_4.o
LOAD HAL/gps.o
LOAD Src/main.o
LOAD Src/syscalls.o
LOAD Src/sysmem.o
LOAD Startup/startup_stm32f103c6tx.o
LOAD Stm32_F103C6_Drivers/CAN/CAN.o
LOAD Stm32_F103C6_Drivers/EXTI/stm32_F103C6_EXTI_driver.o
LOAD Stm32_F103C6_Drivers/GPIO/stm32_F103C6_gpio_driver.o
LOAD Stm32_F103C6_Drivers/I2C_DRIVER/stm32f103x8_i2c_driver.o
LOAD Stm32_F103C6_Drivers/Rcc/RCC.o
LOAD Stm32_F103C6_Drivers/SPI_DRIVER/stm32f103x6_spi_driver.o
LOAD Stm32_F103C6_Drivers/USART/uart.o
START GROUP
LOAD c:/st/stm32cubeide_1.4.0/stm32cubeide/plugins/com.st.stm32cube.ide.mcu.externaltools.gnu-tools-for-stm32.7-2018-q2-update.win32_1.4.0.202007081208/tools/bin/../lib/gcc/arm-none-eabi/7.3.1/../../../../arm-none-eabi/lib/thumb/v7-m\libc_nano.a
LOAD c:/st/stm32cubeide_1.4.0/stm32cubeide/plugins/com.st.stm32cube.ide.mcu.externaltools.gnu-tools-for-stm32.7-2018-q2-update.win32_1.4.0.202007081208/tools/bin/../lib/gcc/arm-none-eabi/7.3.1/../../../../arm-none-eabi/lib/thumb/v7-m\libm.a
END GROUP
START GROUP
LOAD c:/st/stm32cubeide_1.4.0/stm32cubeide/plugins/com.st.stm32cube.ide.mcu.externaltools.gnu-tools-for-stm32.7-2018-q2-update.win32_1.4.0.202007081208/tools/bin/../lib/gcc/arm-none-eabi/7.3.1/thumb/v7-m\libgcc.a
LOAD c:/st/stm32cubeide_1.4.0/stm32cubeide/plugins/com.st.stm32cube.ide.mcu.externaltools.gnu-tools-for-stm32.7-2018-q2-update.win32_1.4.0.202007081208/tools/bin/../lib/gcc/arm-none-eabi/7.3.1/../../../../arm-none-eabi/lib/thumb/v7-m\libg_nano.a
LOAD c:/st/stm32cubeide_1.4.0/stm32cubeide/plugins/com.st.stm32cube.ide.mcu.externaltools.gnu-tools-for-stm32.7-2018-q2-update.win32_1.4.0.202007081208/tools/bin/../lib/gcc/arm-none-eabi/7.3.1/../../../../arm-none-eabi/lib/thumb/v7-m\libc_nano.a
END GROUP
START GROUP
LOAD c:/st/stm32cubeide_1.4.0/stm32cubeide/plugins/com.st.stm32cube.ide.mcu.externaltools.gnu-tools-for-stm32.7-2018-q2-update.win32_1.4.0.202007081208/tools/bin/../lib/gcc/arm-none-eabi/7.3.1/thumb/v7-m\libgcc.a
LOAD c:/st/stm32cubeide_1.4.0/stm32cubeide/plugins/com.st.stm32cube.ide.mcu.externaltools.gnu-tools-for-stm32.7-2018-q2-update.win32_1.4.0.202007081208/tools/bin/../lib/gcc/arm-none-eabi/7.3.1/../../../../arm-none-eabi/lib/thumb/v7-m\libc_nano.a
LOAD c:/st/stm32cubeide_1.4.0/stm32cubeide/plugins/com.st.stm32cube.ide.mcu.externaltools.gnu-tools-for-stm32.7-2018-q2-update.win32_1.4.0.202007081208/tools/bin/../lib/gcc/arm-none-eabi/7.3.1/../../../../arm-none-eabi/lib/thumb/v7-m\libnosys.a
END GROUP
START GROUP
LOAD c:/st/stm32cubeide_1.4.0/stm32cubeide/plugins/com.st.stm32cube.ide.mcu.externaltools.gnu-tools-for-stm32.7-2018-q2-update.win32_1.4.0.202007081208/tools/bin/../lib/gcc/arm-none-eabi/7.3.1/thumb/v7-m\libgcc.a
LOAD c:/st/stm32cubeide_1.4.0/stm32cubeide/plugins/com.st.stm32cube.ide.mcu.externaltools.gnu-tools-for-stm32.7-2018-q2-update.win32_1.4.0.202007081208/tools/bin/../lib/gcc/arm-none-eabi/7.3.1/../../../../arm-none-eabi/lib/thumb/v7-m\libc_nano.a
LOAD c:/st/stm32cubeide_1.4.0/stm32cubeide/plugins/com.st.stm32cube.ide.mcu.externaltools.gnu-tools-for-stm32.7-2018-q2-update.win32_1.4.0.202007081208/tools/bin/../lib/gcc/arm-none-eabi/7.3.1/../../../../arm-none-eabi/lib/thumb/v7-m\libnosys.a
END GROUP
LOAD c:/st/stm32cubeide_1.4.0/stm32cubeide/plugins/com.st.stm32cube.ide.mcu.externaltools.gnu-tools-for-stm32.7-2018-q2-update.win32_1.4.0.202007081208/tools/bin/../lib/gcc/arm-none-eabi/7.3.1/thumb/v7-m/crtend.o
LOAD c:/st/stm32cubeide_1.4.0/stm32cubeide/plugins/com.st.stm32cube.ide.mcu.externaltools.gnu-tools-for-stm32.7-2018-q2-update.win32_1.4.0.202007081208/tools/bin/../lib/gcc/arm-none-eabi/7.3.1/thumb/v7-m/crtn.o
                0x0000000020002800                _estack = (ORIGIN (RAM) + LENGTH (RAM))
                0x0000000000000200                _Min_Heap_Size = 0x200
                0x0000000000000400                _Min_Stack_Size = 0x400

.isr_vector     0x0000000008000000      0x130
                0x0000000008000000                . = ALIGN (0x4)
 *(.isr_vector)
 .isr_vector    0x0000000008000000      0x130 Startup/startup_stm32f103c6tx.o
                0x0000000008000000                g_pfnVectors
                0x0000000008000130                . = ALIGN (0x4)

.text           0x0000000008000130     0x3a18
                0x0000000008000130                . = ALIGN (0x4)
 *(.text)
 .text          0x0000000008000130       0x40 c:/st/stm32cubeide_1.4.0/stm32cubeide/plugins/com.st.stm32cube.ide.mcu.externaltools.gnu-tools-for-stm32.7-2018-q2-update.win32_1.4.0.202007081208/tools/bin/../lib/gcc/arm-none-eabi/7.3.1/thumb/v7-m/crtbegin.o
 .text          0x0000000008000170       0x10 c:/st/stm32cubeide_1.4.0/stm32cubeide/plugins/com.st.stm32cube.ide.mcu.externaltools.gnu-tools-for-stm32.7-2018-q2-update.win32_1.4.0.202007081208/tools/bin/../lib/gcc/arm-none-eabi/7.3.1/../../../../arm-none-eabi/lib/thumb/v7-m\libc_nano.a(lib_a-strlen.o)
                0x0000000008000170                strlen
 .text          0x0000000008000180      0x378 c:/st/stm32cubeide_1.4.0/stm32cubeide/plugins/com.st.stm32cube.ide.mcu.externaltools.gnu-tools-for-stm32.7-2018-q2-update.win32_1.4.0.202007081208/tools/bin/../lib/gcc/arm-none-eabi/7.3.1/thumb/v7-m\libgcc.a(_arm_addsubdf3.o)
                0x0000000008000180                __aeabi_drsub
                0x0000000008000188                __aeabi_dsub
                0x0000000008000188                __subdf3
                0x000000000800018c                __aeabi_dadd
                0x000000000800018c                __adddf3
                0x0000000008000404                __floatunsidf
                0x0000000008000404                __aeabi_ui2d
                0x0000000008000424                __floatsidf
                0x0000000008000424                __aeabi_i2d
                0x0000000008000448                __aeabi_f2d
                0x0000000008000448                __extendsfdf2
                0x000000000800048c                __floatundidf
                0x000000000800048c                __aeabi_ul2d
                0x000000000800049c                __floatdidf
                0x000000000800049c                __aeabi_l2d
 .text          0x00000000080004f8      0x424 c:/st/stm32cubeide_1.4.0/stm32cubeide/plugins/com.st.stm32cube.ide.mcu.externaltools.gnu-tools-for-stm32.7-2018-q2-update.win32_1.4.0.202007081208/tools/bin/../lib/gcc/arm-none-eabi/7.3.1/thumb/v7-m\libgcc.a(_arm_muldivdf3.o)
                0x00000000080004f8                __aeabi_dmul
                0x00000000080004f8                __muldf3
                0x000000000800074c                __divdf3
                0x000000000800074c                __aeabi_ddiv
 .text          0x000000000800091c      0x110 c:/st/stm32cubeide_1.4.0/stm32cubeide/plugins/com.st.stm32cube.ide.mcu.externaltools.gnu-tools-for-stm32.7-2018-q2-update.win32_1.4.0.202007081208/tools/bin/../lib/gcc/arm-none-eabi/7.3.1/thumb/v7-m\libgcc.a(_arm_cmpdf2.o)
                0x000000000800091c                __gtdf2
                0x000000000800091c                __gedf2
                0x0000000008000924                __ltdf2
                0x0000000008000924                __ledf2
                0x000000000800092c                __nedf2
                0x000000000800092c                __eqdf2
                0x000000000800092c                __cmpdf2
                0x00000000080009a8                __aeabi_cdrcmple
                0x00000000080009b8                __aeabi_cdcmpeq
                0x00000000080009b8                __aeabi_cdcmple
                0x00000000080009c8                __aeabi_dcmpeq
                0x00000000080009dc                __aeabi_dcmplt
                0x00000000080009f0                __aeabi_dcmple
                0x0000000008000a04                __aeabi_dcmpge
                0x0000000008000a18                __aeabi_dcmpgt
 .text          0x0000000008000a2c       0x2c c:/st/stm32cubeide_1.4.0/stm32cubeide/plugins/com.st.stm32cube.ide.mcu.externaltools.gnu-tools-for-stm32.7-2018-q2-update.win32_1.4.0.202007081208/tools/bin/../lib/gcc/arm-none-eabi/7.3.1/thumb/v7-m\libgcc.a(_arm_unorddf2.o)
                0x0000000008000a2c                __unorddf2
                0x0000000008000a2c                __aeabi_dcmpun
 .text          0x0000000008000a58       0x50 c:/st/stm32cubeide_1.4.0/stm32cubeide/plugins/com.st.stm32cube.ide.mcu.externaltools.gnu-tools-for-stm32.7-2018-q2-update.win32_1.4.0.202007081208/tools/bin/../lib/gcc/arm-none-eabi/7.3.1/thumb/v7-m\libgcc.a(_arm_fixdfsi.o)
                0x0000000008000a58                __aeabi_d2iz
                0x0000000008000a58                __fixdfsi
 *(.text*)
 .text.xTaskIncrementTick
                0x0000000008000aa8      0x20c Free_RTOS/tasks.o
                0x0000000008000aa8                xTaskIncrementTick
 .text.vTaskSwitchContext
                0x0000000008000cb4       0x8c Free_RTOS/tasks.o
                0x0000000008000cb4                vTaskSwitchContext
 .text.prvResetNextTaskUnblockTime
                0x0000000008000d40       0x34 Free_RTOS/tasks.o
 *fill*         0x0000000008000d74        0xc 
 .text.SVC_Handler
                0x0000000008000d80       0x28 Free_RTOS/portable/GCC/ARM_CM3/port.o
                0x0000000008000d80                SVC_Handler
 *fill*         0x0000000008000da8        0x8 
 .text.PendSV_Handler
                0x0000000008000db0       0x48 Free_RTOS/portable/GCC/ARM_CM3/port.o
                0x0000000008000db0                PendSV_Handler
 .text.SysTick_Handler
                0x0000000008000df8       0x40 Free_RTOS/portable/GCC/ARM_CM3/port.o
                0x0000000008000df8                SysTick_Handler
 .text.GPS_ReadData
                0x0000000008000e38       0x64 HAL/gps.o
                0x0000000008000e38                GPS_ReadData
 .text.GPS_ParseData
                0x0000000008000e9c      0x1d8 HAL/gps.o
                0x0000000008000e9c                GPS_ParseData
 .text.GPS_Init
                0x0000000008001074       0x40 HAL/gps.o
                0x0000000008001074                GPS_Init
 .text.main     0x00000000080010b4       0x40 Src/main.o
                0x00000000080010b4                main
 .text._sbrk    0x00000000080010f4       0x6c Src/sysmem.o
                0x00000000080010f4                _sbrk
 .text.Reset_Handler
                0x0000000008001160       0x50 Startup/startup_stm32f103c6tx.o
                0x0000000008001160                Reset_Handler
 .text.Default_Handler
                0x00000000080011b0        0x2 Startup/startup_stm32f103c6tx.o
                0x00000000080011b0                TIM8_TRG_COM_IRQHandler
                0x00000000080011b0                TIM8_CC_IRQHandler
                0x00000000080011b0                DebugMon_Handler
                0x00000000080011b0                TIM1_CC_IRQHandler
                0x00000000080011b0                HardFault_Handler
                0x00000000080011b0                TIM6_IRQHandler
                0x00000000080011b0                PVD_IRQHandler
                0x00000000080011b0                SDIO_IRQHandler
                0x00000000080011b0                NMI_Handler
                0x00000000080011b0                UsageFault_Handler
                0x00000000080011b0                ADC1_2_IRQHandler
                0x00000000080011b0                TAMPER_IRQHandler
                0x00000000080011b0                TIM8_UP_IRQHandler
                0x00000000080011b0                DMA2_Channel2_IRQHandler
                0x00000000080011b0                DMA1_Channel4_IRQHandler
                0x00000000080011b0                RTC_IRQHandler
                0x00000000080011b0                DMA1_Channel7_IRQHandler
                0x00000000080011b0                UART5_IRQHandler
                0x00000000080011b0                ADC3_IRQHandler
                0x00000000080011b0                TIM4_IRQHandler
                0x00000000080011b0                CAN_RX1_IRQHandler
                0x00000000080011b0                DMA2_Channel1_IRQHandler
                0x00000000080011b0                DMA1_Channel6_IRQHandler
                0x00000000080011b0                UART4_IRQHandler
                0x00000000080011b0                TIM3_IRQHandler
                0x00000000080011b0                RCC_IRQHandler
                0x00000000080011b0                TIM1_TRG_COM_IRQHandler
                0x00000000080011b0                DMA1_Channel1_IRQHandler
                0x00000000080011b0                Default_Handler
                0x00000000080011b0                TIM7_IRQHandler
                0x00000000080011b0                TIM5_IRQHandler
                0x00000000080011b0                MemManage_Handler
                0x00000000080011b0                DMA1_Channel5_IRQHandler
                0x00000000080011b0                DMA1_Channel3_IRQHandler
                0x00000000080011b0                FSMC_IRQHandler
                0x00000000080011b0                TIM1_UP_IRQHandler
                0x00000000080011b0                WWDG_IRQHandler
                0x00000000080011b0                TIM2_IRQHandler
                0x00000000080011b0                TIM1_BRK_IRQHandler
                0x00000000080011b0                RTCAlarm_IRQHandler
                0x00000000080011b0                DMA2_Channel4_5_IRQHandler
                0x00000000080011b0                DMA1_Channel2_IRQHandler
                0x00000000080011b0                TIM8_BRK_IRQHandler
                0x00000000080011b0                FLASH_IRQHandler
                0x00000000080011b0                BusFault_Handler
                0x00000000080011b0                SPI3_IRQHandler
                0x00000000080011b0                DMA2_Channel3_IRQHandler
 *fill*         0x00000000080011b2        0x2 
 .text.USB_HP_CAN_TX_IRQHandler
                0x00000000080011b4       0x14 Stm32_F103C6_Drivers/CAN/CAN.o
                0x00000000080011b4                USB_HP_CAN_TX_IRQHandler
 .text.USB_LP_CAN_RX0_IRQHandler
                0x00000000080011c8       0x14 Stm32_F103C6_Drivers/CAN/CAN.o
                0x00000000080011c8                USB_LP_CAN_RX0_IRQHandler
 .text.CAN_SCE_IRQHandler
                0x00000000080011dc       0x14 Stm32_F103C6_Drivers/CAN/CAN.o
                0x00000000080011dc                CAN_SCE_IRQHandler
 .text.HAL_CAN_IRQHandler
                0x00000000080011f0      0x362 Stm32_F103C6_Drivers/CAN/CAN.o
                0x00000000080011f0                HAL_CAN_IRQHandler
 .text.HAL_CAN_TxMailbox0CompleteCallback
                0x0000000008001552       0x12 Stm32_F103C6_Drivers/CAN/CAN.o
                0x0000000008001552                HAL_CAN_TxMailbox0CompleteCallback
 .text.HAL_CAN_TxMailbox1CompleteCallback
                0x0000000008001564       0x12 Stm32_F103C6_Drivers/CAN/CAN.o
                0x0000000008001564                HAL_CAN_TxMailbox1CompleteCallback
 .text.HAL_CAN_TxMailbox2CompleteCallback
                0x0000000008001576       0x12 Stm32_F103C6_Drivers/CAN/CAN.o
                0x0000000008001576                HAL_CAN_TxMailbox2CompleteCallback
 .text.HAL_CAN_TxMailbox0AbortCallback
                0x0000000008001588       0x12 Stm32_F103C6_Drivers/CAN/CAN.o
                0x0000000008001588                HAL_CAN_TxMailbox0AbortCallback
 .text.HAL_CAN_TxMailbox1AbortCallback
                0x000000000800159a       0x12 Stm32_F103C6_Drivers/CAN/CAN.o
                0x000000000800159a                HAL_CAN_TxMailbox1AbortCallback
 .text.HAL_CAN_TxMailbox2AbortCallback
                0x00000000080015ac       0x12 Stm32_F103C6_Drivers/CAN/CAN.o
                0x00000000080015ac                HAL_CAN_TxMailbox2AbortCallback
 .text.HAL_CAN_RxFifo0MsgPendingCallback
                0x00000000080015be       0x12 Stm32_F103C6_Drivers/CAN/CAN.o
                0x00000000080015be                HAL_CAN_RxFifo0MsgPendingCallback
 .text.HAL_CAN_RxFifo0FullCallback
                0x00000000080015d0       0x12 Stm32_F103C6_Drivers/CAN/CAN.o
                0x00000000080015d0                HAL_CAN_RxFifo0FullCallback
 .text.HAL_CAN_RxFifo1MsgPendingCallback
                0x00000000080015e2       0x12 Stm32_F103C6_Drivers/CAN/CAN.o
                0x00000000080015e2                HAL_CAN_RxFifo1MsgPendingCallback
 .text.HAL_CAN_RxFifo1FullCallback
                0x00000000080015f4       0x12 Stm32_F103C6_Drivers/CAN/CAN.o
                0x00000000080015f4                HAL_CAN_RxFifo1FullCallback
 .text.HAL_CAN_SleepCallback
                0x0000000008001606       0x12 Stm32_F103C6_Drivers/CAN/CAN.o
                0x0000000008001606                HAL_CAN_SleepCallback
 .text.HAL_CAN_WakeUpFromRxMsgCallback
                0x0000000008001618       0x12 Stm32_F103C6_Drivers/CAN/CAN.o
                0x0000000008001618                HAL_CAN_WakeUpFromRxMsgCallback
 .text.HAL_CAN_ErrorCallback
                0x000000000800162a       0x12 Stm32_F103C6_Drivers/CAN/CAN.o
                0x000000000800162a                HAL_CAN_ErrorCallback
 .text.EXTI0_IRQHandler
                0x000000000800163c       0x24 Stm32_F103C6_Drivers/EXTI/stm32_F103C6_EXTI_driver.o
                0x000000000800163c                EXTI0_IRQHandler
 .text.EXTI1_IRQHandler
                0x0000000008001660       0x24 Stm32_F103C6_Drivers/EXTI/stm32_F103C6_EXTI_driver.o
                0x0000000008001660                EXTI1_IRQHandler
 .text.EXTI2_IRQHandler
                0x0000000008001684       0x24 Stm32_F103C6_Drivers/EXTI/stm32_F103C6_EXTI_driver.o
                0x0000000008001684                EXTI2_IRQHandler
 .text.EXTI3_IRQHandler
                0x00000000080016a8       0x24 Stm32_F103C6_Drivers/EXTI/stm32_F103C6_EXTI_driver.o
                0x00000000080016a8                EXTI3_IRQHandler
 .text.EXTI4_IRQHandler
                0x00000000080016cc       0x24 Stm32_F103C6_Drivers/EXTI/stm32_F103C6_EXTI_driver.o
                0x00000000080016cc                EXTI4_IRQHandler
 .text.EXTI9_5_IRQHandler
                0x00000000080016f0       0xa8 Stm32_F103C6_Drivers/EXTI/stm32_F103C6_EXTI_driver.o
                0x00000000080016f0                EXTI9_5_IRQHandler
 .text.EXTI15_10_IRQHandler
                0x0000000008001798       0xc4 Stm32_F103C6_Drivers/EXTI/stm32_F103C6_EXTI_driver.o
                0x0000000008001798                EXTI15_10_IRQHandler
 .text.Get_Pos_CRLH
                0x000000000800185c       0xc6 Stm32_F103C6_Drivers/GPIO/stm32_F103C6_gpio_driver.o
                0x000000000800185c                Get_Pos_CRLH
 .text.MCAL_GPIO_Init
                0x0000000008001922      0x148 Stm32_F103C6_Drivers/GPIO/stm32_F103C6_gpio_driver.o
                0x0000000008001922                MCAL_GPIO_Init
 .text.I2C1_EV_IRQHandler
                0x0000000008001a6a        0xc Stm32_F103C6_Drivers/I2C_DRIVER/stm32f103x8_i2c_driver.o
                0x0000000008001a6a                I2C1_EV_IRQHandler
 .text.I2C1_ER_IRQHandler
                0x0000000008001a76        0xc Stm32_F103C6_Drivers/I2C_DRIVER/stm32f103x8_i2c_driver.o
                0x0000000008001a76                I2C1_ER_IRQHandler
 .text.I2C2_EV_IRQHandler
                0x0000000008001a82        0xc Stm32_F103C6_Drivers/I2C_DRIVER/stm32f103x8_i2c_driver.o
                0x0000000008001a82                I2C2_EV_IRQHandler
 .text.I2C2_ER_IRQHandler
                0x0000000008001a8e        0xc Stm32_F103C6_Drivers/I2C_DRIVER/stm32f103x8_i2c_driver.o
                0x0000000008001a8e                I2C2_ER_IRQHandler
 *fill*         0x0000000008001a9a        0x2 
 .text.MCAL_RCC_GETSYSCLKfreq
                0x0000000008001a9c       0x40 Stm32_F103C6_Drivers/Rcc/RCC.o
                0x0000000008001a9c                MCAL_RCC_GETSYSCLKfreq
 .text.MCAL_RCC_GETHCLKfreq
                0x0000000008001adc       0x2c Stm32_F103C6_Drivers/Rcc/RCC.o
                0x0000000008001adc                MCAL_RCC_GETHCLKfreq
 .text.MCAL_RCC_GETPCLK1Freq
                0x0000000008001b08       0x28 Stm32_F103C6_Drivers/Rcc/RCC.o
                0x0000000008001b08                MCAL_RCC_GETPCLK1Freq
 .text.MCAL_RCC_GETPCLK2Freq
                0x0000000008001b30       0x28 Stm32_F103C6_Drivers/Rcc/RCC.o
                0x0000000008001b30                MCAL_RCC_GETPCLK2Freq
 .text.SPI1_IRQHandler
                0x0000000008001b58       0x5c Stm32_F103C6_Drivers/SPI_DRIVER/stm32f103x6_spi_driver.o
                0x0000000008001b58                SPI1_IRQHandler
 .text.SPI2_IRQHandler
                0x0000000008001bb4       0x5c Stm32_F103C6_Drivers/SPI_DRIVER/stm32f103x6_spi_driver.o
                0x0000000008001bb4                SPI2_IRQHandler
 .text.MCAL_UART_Init
                0x0000000008001c10      0x184 Stm32_F103C6_Drivers/USART/uart.o
                0x0000000008001c10                MCAL_UART_Init
 .text.MCAL_UART_SendData
                0x0000000008001d94       0x36 Stm32_F103C6_Drivers/USART/uart.o
                0x0000000008001d94                MCAL_UART_SendData
 *fill*         0x0000000008001dca        0x2 
 .text.MCAL_UART_ReceiveData
                0x0000000008001dcc       0x5c Stm32_F103C6_Drivers/USART/uart.o
                0x0000000008001dcc                MCAL_UART_ReceiveData
 .text.MCAL_UART_GPIO_Set_Pins
                0x0000000008001e28      0x118 Stm32_F103C6_Drivers/USART/uart.o
                0x0000000008001e28                MCAL_UART_GPIO_Set_Pins
 .text.MCAL_UART_SendString
                0x0000000008001f40       0x2c Stm32_F103C6_Drivers/USART/uart.o
                0x0000000008001f40                MCAL_UART_SendString
 .text.USART1_IRQHandler
                0x0000000008001f6c       0x14 Stm32_F103C6_Drivers/USART/uart.o
                0x0000000008001f6c                USART1_IRQHandler
 .text.USART2_IRQHandler
                0x0000000008001f80       0x14 Stm32_F103C6_Drivers/USART/uart.o
                0x0000000008001f80                USART2_IRQHandler
 .text.USART3_IRQHandler
                0x0000000008001f94       0x14 Stm32_F103C6_Drivers/USART/uart.o
                0x0000000008001f94                USART3_IRQHandler
 .text.__errno  0x0000000008001fa8        0xc c:/st/stm32cubeide_1.4.0/stm32cubeide/plugins/com.st.stm32cube.ide.mcu.externaltools.gnu-tools-for-stm32.7-2018-q2-update.win32_1.4.0.202007081208/tools/bin/../lib/gcc/arm-none-eabi/7.3.1/../../../../arm-none-eabi/lib/thumb/v7-m\libc_nano.a(lib_a-errno.o)
                0x0000000008001fa8                __errno
 .text.__libc_init_array
                0x0000000008001fb4       0x48 c:/st/stm32cubeide_1.4.0/stm32cubeide/plugins/com.st.stm32cube.ide.mcu.externaltools.gnu-tools-for-stm32.7-2018-q2-update.win32_1.4.0.202007081208/tools/bin/../lib/gcc/arm-none-eabi/7.3.1/../../../../arm-none-eabi/lib/thumb/v7-m\libc_nano.a(lib_a-init.o)
                0x0000000008001fb4                __libc_init_array
 .text.memcpy   0x0000000008001ffc       0x16 c:/st/stm32cubeide_1.4.0/stm32cubeide/plugins/com.st.stm32cube.ide.mcu.externaltools.gnu-tools-for-stm32.7-2018-q2-update.win32_1.4.0.202007081208/tools/bin/../lib/gcc/arm-none-eabi/7.3.1/../../../../arm-none-eabi/lib/thumb/v7-m\libc_nano.a(lib_a-memcpy-stub.o)
                0x0000000008001ffc                memcpy
 .text.memset   0x0000000008002012       0x10 c:/st/stm32cubeide_1.4.0/stm32cubeide/plugins/com.st.stm32cube.ide.mcu.externaltools.gnu-tools-for-stm32.7-2018-q2-update.win32_1.4.0.202007081208/tools/bin/../lib/gcc/arm-none-eabi/7.3.1/../../../../arm-none-eabi/lib/thumb/v7-m\libc_nano.a(lib_a-memset.o)
                0x0000000008002012                memset
 .text.__cvt    0x0000000008002022       0xb8 c:/st/stm32cubeide_1.4.0/stm32cubeide/plugins/com.st.stm32cube.ide.mcu.externaltools.gnu-tools-for-stm32.7-2018-q2-update.win32_1.4.0.202007081208/tools/bin/../lib/gcc/arm-none-eabi/7.3.1/../../../../arm-none-eabi/lib/thumb/v7-m\libc_nano.a(lib_a-nano-vfprintf_float.o)
                0x0000000008002022                __cvt
 .text.__exponent
                0x00000000080020da       0x6a c:/st/stm32cubeide_1.4.0/stm32cubeide/plugins/com.st.stm32cube.ide.mcu.externaltools.gnu-tools-for-stm32.7-2018-q2-update.win32_1.4.0.202007081208/tools/bin/../lib/gcc/arm-none-eabi/7.3.1/../../../../arm-none-eabi/lib/thumb/v7-m\libc_nano.a(lib_a-nano-vfprintf_float.o)
                0x00000000080020da                __exponent
 .text._printf_float
                0x0000000008002144      0x46c c:/st/stm32cubeide_1.4.0/stm32cubeide/plugins/com.st.stm32cube.ide.mcu.externaltools.gnu-tools-for-stm32.7-2018-q2-update.win32_1.4.0.202007081208/tools/bin/../lib/gcc/arm-none-eabi/7.3.1/../../../../arm-none-eabi/lib/thumb/v7-m\libc_nano.a(lib_a-nano-vfprintf_float.o)
                0x0000000008002144                _printf_float
 .text._printf_common
                0x00000000080025b0       0xec c:/st/stm32cubeide_1.4.0/stm32cubeide/plugins/com.st.stm32cube.ide.mcu.externaltools.gnu-tools-for-stm32.7-2018-q2-update.win32_1.4.0.202007081208/tools/bin/../lib/gcc/arm-none-eabi/7.3.1/../../../../arm-none-eabi/lib/thumb/v7-m\libc_nano.a(lib_a-nano-vfprintf_i.o)
                0x00000000080025b0                _printf_common
 .text.strncmp  0x000000000800269c       0x24 c:/st/stm32cubeide_1.4.0/stm32cubeide/plugins/com.st.stm32cube.ide.mcu.externaltools.gnu-tools-for-stm32.7-2018-q2-update.win32_1.4.0.202007081208/tools/bin/../lib/gcc/arm-none-eabi/7.3.1/../../../../arm-none-eabi/lib/thumb/v7-m\libc_nano.a(lib_a-strncmp.o)
                0x000000000800269c                strncmp
 .text.strncpy  0x00000000080026c0       0x2a c:/st/stm32cubeide_1.4.0/stm32cubeide/plugins/com.st.stm32cube.ide.mcu.externaltools.gnu-tools-for-stm32.7-2018-q2-update.win32_1.4.0.202007081208/tools/bin/../lib/gcc/arm-none-eabi/7.3.1/../../../../arm-none-eabi/lib/thumb/v7-m\libc_nano.a(lib_a-strncpy.o)
                0x00000000080026c0                strncpy
 *fill*         0x00000000080026ea        0x2 
 .text.strtok   0x00000000080026ec       0x54 c:/st/stm32cubeide_1.4.0/stm32cubeide/plugins/com.st.stm32cube.ide.mcu.externaltools.gnu-tools-for-stm32.7-2018-q2-update.win32_1.4.0.202007081208/tools/bin/../lib/gcc/arm-none-eabi/7.3.1/../../../../arm-none-eabi/lib/thumb/v7-m\libc_nano.a(lib_a-strtok.o)
                0x00000000080026ec                strtok
 .text.__strtok_r
                0x0000000008002740       0x54 c:/st/stm32cubeide_1.4.0/stm32cubeide/plugins/com.st.stm32cube.ide.mcu.externaltools.gnu-tools-for-stm32.7-2018-q2-update.win32_1.4.0.202007081208/tools/bin/../lib/gcc/arm-none-eabi/7.3.1/../../../../arm-none-eabi/lib/thumb/v7-m\libc_nano.a(lib_a-strtok_r.o)
                0x0000000008002740                __strtok_r
 .text.quorem   0x0000000008002794      0x11c c:/st/stm32cubeide_1.4.0/stm32cubeide/plugins/com.st.stm32cube.ide.mcu.externaltools.gnu-tools-for-stm32.7-2018-q2-update.win32_1.4.0.202007081208/tools/bin/../lib/gcc/arm-none-eabi/7.3.1/../../../../arm-none-eabi/lib/thumb/v7-m\libc_nano.a(lib_a-dtoa.o)
 .text._dtoa_r  0x00000000080028b0      0xb68 c:/st/stm32cubeide_1.4.0/stm32cubeide/plugins/com.st.stm32cube.ide.mcu.externaltools.gnu-tools-for-stm32.7-2018-q2-update.win32_1.4.0.202007081208/tools/bin/../lib/gcc/arm-none-eabi/7.3.1/../../../../arm-none-eabi/lib/thumb/v7-m\libc_nano.a(lib_a-dtoa.o)
                0x00000000080028b0                _dtoa_r
 .text._localeconv_r
                0x0000000008003418       0x1c c:/st/stm32cubeide_1.4.0/stm32cubeide/plugins/com.st.stm32cube.ide.mcu.externaltools.gnu-tools-for-stm32.7-2018-q2-update.win32_1.4.0.202007081208/tools/bin/../lib/gcc/arm-none-eabi/7.3.1/../../../../arm-none-eabi/lib/thumb/v7-m\libc_nano.a(lib_a-localeconv.o)
                0x0000000008003418                _localeconv_r
 .text.malloc   0x0000000008003434       0x10 c:/st/stm32cubeide_1.4.0/stm32cubeide/plugins/com.st.stm32cube.ide.mcu.externaltools.gnu-tools-for-stm32.7-2018-q2-update.win32_1.4.0.202007081208/tools/bin/../lib/gcc/arm-none-eabi/7.3.1/../../../../arm-none-eabi/lib/thumb/v7-m\libc_nano.a(lib_a-malloc.o)
                0x0000000008003434                malloc
 .text._Balloc  0x0000000008003444       0x68 c:/st/stm32cubeide_1.4.0/stm32cubeide/plugins/com.st.stm32cube.ide.mcu.externaltools.gnu-tools-for-stm32.7-2018-q2-update.win32_1.4.0.202007081208/tools/bin/../lib/gcc/arm-none-eabi/7.3.1/../../../../arm-none-eabi/lib/thumb/v7-m\libc_nano.a(lib_a-mprec.o)
                0x0000000008003444                _Balloc
 .text._Bfree   0x00000000080034ac       0x2e c:/st/stm32cubeide_1.4.0/stm32cubeide/plugins/com.st.stm32cube.ide.mcu.externaltools.gnu-tools-for-stm32.7-2018-q2-update.win32_1.4.0.202007081208/tools/bin/../lib/gcc/arm-none-eabi/7.3.1/../../../../arm-none-eabi/lib/thumb/v7-m\libc_nano.a(lib_a-mprec.o)
                0x00000000080034ac                _Bfree
 .text.__multadd
                0x00000000080034da       0x76 c:/st/stm32cubeide_1.4.0/stm32cubeide/plugins/com.st.stm32cube.ide.mcu.externaltools.gnu-tools-for-stm32.7-2018-q2-update.win32_1.4.0.202007081208/tools/bin/../lib/gcc/arm-none-eabi/7.3.1/../../../../arm-none-eabi/lib/thumb/v7-m\libc_nano.a(lib_a-mprec.o)
                0x00000000080034da                __multadd
 .text.__hi0bits
                0x0000000008003550       0x3e c:/st/stm32cubeide_1.4.0/stm32cubeide/plugins/com.st.stm32cube.ide.mcu.externaltools.gnu-tools-for-stm32.7-2018-q2-update.win32_1.4.0.202007081208/tools/bin/../lib/gcc/arm-none-eabi/7.3.1/../../../../arm-none-eabi/lib/thumb/v7-m\libc_nano.a(lib_a-mprec.o)
                0x0000000008003550                __hi0bits
 .text.__lo0bits
                0x000000000800358e       0x5e c:/st/stm32cubeide_1.4.0/stm32cubeide/plugins/com.st.stm32cube.ide.mcu.externaltools.gnu-tools-for-stm32.7-2018-q2-update.win32_1.4.0.202007081208/tools/bin/../lib/gcc/arm-none-eabi/7.3.1/../../../../arm-none-eabi/lib/thumb/v7-m\libc_nano.a(lib_a-mprec.o)
                0x000000000800358e                __lo0bits
 .text.__i2b    0x00000000080035ec       0x12 c:/st/stm32cubeide_1.4.0/stm32cubeide/plugins/com.st.stm32cube.ide.mcu.externaltools.gnu-tools-for-stm32.7-2018-q2-update.win32_1.4.0.202007081208/tools/bin/../lib/gcc/arm-none-eabi/7.3.1/../../../../arm-none-eabi/lib/thumb/v7-m\libc_nano.a(lib_a-mprec.o)
                0x00000000080035ec                __i2b
 .text.__multiply
                0x00000000080035fe      0x12a c:/st/stm32cubeide_1.4.0/stm32cubeide/plugins/com.st.stm32cube.ide.mcu.externaltools.gnu-tools-for-stm32.7-2018-q2-update.win32_1.4.0.202007081208/tools/bin/../lib/gcc/arm-none-eabi/7.3.1/../../../../arm-none-eabi/lib/thumb/v7-m\libc_nano.a(lib_a-mprec.o)
                0x00000000080035fe                __multiply
 .text.__pow5mult
                0x0000000008003728       0x9c c:/st/stm32cubeide_1.4.0/stm32cubeide/plugins/com.st.stm32cube.ide.mcu.externaltools.gnu-tools-for-stm32.7-2018-q2-update.win32_1.4.0.202007081208/tools/bin/../lib/gcc/arm-none-eabi/7.3.1/../../../../arm-none-eabi/lib/thumb/v7-m\libc_nano.a(lib_a-mprec.o)
                0x0000000008003728                __pow5mult
 .text.__lshift
                0x00000000080037c4       0xa8 c:/st/stm32cubeide_1.4.0/stm32cubeide/plugins/com.st.stm32cube.ide.mcu.externaltools.gnu-tools-for-stm32.7-2018-q2-update.win32_1.4.0.202007081208/tools/bin/../lib/gcc/arm-none-eabi/7.3.1/../../../../arm-none-eabi/lib/thumb/v7-m\libc_nano.a(lib_a-mprec.o)
                0x00000000080037c4                __lshift
 .text.__mcmp   0x000000000800386c       0x34 c:/st/stm32cubeide_1.4.0/stm32cubeide/plugins/com.st.stm32cube.ide.mcu.externaltools.gnu-tools-for-stm32.7-2018-q2-update.win32_1.4.0.202007081208/tools/bin/../lib/gcc/arm-none-eabi/7.3.1/../../../../arm-none-eabi/lib/thumb/v7-m\libc_nano.a(lib_a-mprec.o)
                0x000000000800386c                __mcmp
 .text.__mdiff  0x00000000080038a0       0xbc c:/st/stm32cubeide_1.4.0/stm32cubeide/plugins/com.st.stm32cube.ide.mcu.externaltools.gnu-tools-for-stm32.7-2018-q2-update.win32_1.4.0.202007081208/tools/bin/../lib/gcc/arm-none-eabi/7.3.1/../../../../arm-none-eabi/lib/thumb/v7-m\libc_nano.a(lib_a-mprec.o)
                0x00000000080038a0                __mdiff
 .text.__d2b    0x000000000800395c       0x9e c:/st/stm32cubeide_1.4.0/stm32cubeide/plugins/com.st.stm32cube.ide.mcu.externaltools.gnu-tools-for-stm32.7-2018-q2-update.win32_1.4.0.202007081208/tools/bin/../lib/gcc/arm-none-eabi/7.3.1/../../../../arm-none-eabi/lib/thumb/v7-m\libc_nano.a(lib_a-mprec.o)
                0x000000000800395c                __d2b
 .text._calloc_r
                0x00000000080039fa       0x1c c:/st/stm32cubeide_1.4.0/stm32cubeide/plugins/com.st.stm32cube.ide.mcu.externaltools.gnu-tools-for-stm32.7-2018-q2-update.win32_1.4.0.202007081208/tools/bin/../lib/gcc/arm-none-eabi/7.3.1/../../../../arm-none-eabi/lib/thumb/v7-m\libc_nano.a(lib_a-nano-callocr.o)
                0x00000000080039fa                _calloc_r
 *fill*         0x0000000008003a16        0x2 
 .text._malloc_r
                0x0000000008003a18       0xb4 c:/st/stm32cubeide_1.4.0/stm32cubeide/plugins/com.st.stm32cube.ide.mcu.externaltools.gnu-tools-for-stm32.7-2018-q2-update.win32_1.4.0.202007081208/tools/bin/../lib/gcc/arm-none-eabi/7.3.1/../../../../arm-none-eabi/lib/thumb/v7-m\libc_nano.a(lib_a-nano-mallocr.o)
                0x0000000008003a18                _malloc_r
 .text._sbrk_r  0x0000000008003acc       0x20 c:/st/stm32cubeide_1.4.0/stm32cubeide/plugins/com.st.stm32cube.ide.mcu.externaltools.gnu-tools-for-stm32.7-2018-q2-update.win32_1.4.0.202007081208/tools/bin/../lib/gcc/arm-none-eabi/7.3.1/../../../../arm-none-eabi/lib/thumb/v7-m\libc_nano.a(lib_a-sbrkr.o)
                0x0000000008003acc                _sbrk_r
 .text.__ascii_mbtowc
                0x0000000008003aec       0x24 c:/st/stm32cubeide_1.4.0/stm32cubeide/plugins/com.st.stm32cube.ide.mcu.externaltools.gnu-tools-for-stm32.7-2018-q2-update.win32_1.4.0.202007081208/tools/bin/../lib/gcc/arm-none-eabi/7.3.1/../../../../arm-none-eabi/lib/thumb/v7-m\libc_nano.a(lib_a-mbtowc_r.o)
                0x0000000008003aec                __ascii_mbtowc
 .text.__malloc_lock
                0x0000000008003b10        0x2 c:/st/stm32cubeide_1.4.0/stm32cubeide/plugins/com.st.stm32cube.ide.mcu.externaltools.gnu-tools-for-stm32.7-2018-q2-update.win32_1.4.0.202007081208/tools/bin/../lib/gcc/arm-none-eabi/7.3.1/../../../../arm-none-eabi/lib/thumb/v7-m\libc_nano.a(lib_a-mlock.o)
                0x0000000008003b10                __malloc_lock
 .text.__malloc_unlock
                0x0000000008003b12        0x2 c:/st/stm32cubeide_1.4.0/stm32cubeide/plugins/com.st.stm32cube.ide.mcu.externaltools.gnu-tools-for-stm32.7-2018-q2-update.win32_1.4.0.202007081208/tools/bin/../lib/gcc/arm-none-eabi/7.3.1/../../../../arm-none-eabi/lib/thumb/v7-m\libc_nano.a(lib_a-mlock.o)
                0x0000000008003b12                __malloc_unlock
 .text.__ascii_wctomb
                0x0000000008003b14       0x1a c:/st/stm32cubeide_1.4.0/stm32cubeide/plugins/com.st.stm32cube.ide.mcu.externaltools.gnu-tools-for-stm32.7-2018-q2-update.win32_1.4.0.202007081208/tools/bin/../lib/gcc/arm-none-eabi/7.3.1/../../../../arm-none-eabi/lib/thumb/v7-m\libc_nano.a(lib_a-wctomb_r.o)
                0x0000000008003b14                __ascii_wctomb
 *(.glue_7)
 .glue_7        0x0000000008003b2e        0x0 linker stubs
 *(.glue_7t)
 .glue_7t       0x0000000008003b2e        0x0 linker stubs
 *(.eh_frame)
 *fill*         0x0000000008003b2e        0x2 
 .eh_frame      0x0000000008003b30        0x0 c:/st/stm32cubeide_1.4.0/stm32cubeide/plugins/com.st.stm32cube.ide.mcu.externaltools.gnu-tools-for-stm32.7-2018-q2-update.win32_1.4.0.202007081208/tools/bin/../lib/gcc/arm-none-eabi/7.3.1/thumb/v7-m/crtbegin.o
 *(.init)
 .init          0x0000000008003b30        0x4 c:/st/stm32cubeide_1.4.0/stm32cubeide/plugins/com.st.stm32cube.ide.mcu.externaltools.gnu-tools-for-stm32.7-2018-q2-update.win32_1.4.0.202007081208/tools/bin/../lib/gcc/arm-none-eabi/7.3.1/thumb/v7-m/crti.o
                0x0000000008003b30                _init
 .init          0x0000000008003b34        0x8 c:/st/stm32cubeide_1.4.0/stm32cubeide/plugins/com.st.stm32cube.ide.mcu.externaltools.gnu-tools-for-stm32.7-2018-q2-update.win32_1.4.0.202007081208/tools/bin/../lib/gcc/arm-none-eabi/7.3.1/thumb/v7-m/crtn.o
 *(.fini)
 .fini          0x0000000008003b3c        0x4 c:/st/stm32cubeide_1.4.0/stm32cubeide/plugins/com.st.stm32cube.ide.mcu.externaltools.gnu-tools-for-stm32.7-2018-q2-update.win32_1.4.0.202007081208/tools/bin/../lib/gcc/arm-none-eabi/7.3.1/thumb/v7-m/crti.o
                0x0000000008003b3c                _fini
 .fini          0x0000000008003b40        0x8 c:/st/stm32cubeide_1.4.0/stm32cubeide/plugins/com.st.stm32cube.ide.mcu.externaltools.gnu-tools-for-stm32.7-2018-q2-update.win32_1.4.0.202007081208/tools/bin/../lib/gcc/arm-none-eabi/7.3.1/thumb/v7-m/crtn.o
                0x0000000008003b48                . = ALIGN (0x4)
                0x0000000008003b48                _etext = .

.vfp11_veneer   0x0000000008003b48        0x0
 .vfp11_veneer  0x0000000008003b48        0x0 linker stubs

.v4_bx          0x0000000008003b48        0x0
 .v4_bx         0x0000000008003b48        0x0 linker stubs

.iplt           0x0000000008003b48        0x0
 .iplt          0x0000000008003b48        0x0 c:/st/stm32cubeide_1.4.0/stm32cubeide/plugins/com.st.stm32cube.ide.mcu.externaltools.gnu-tools-for-stm32.7-2018-q2-update.win32_1.4.0.202007081208/tools/bin/../lib/gcc/arm-none-eabi/7.3.1/thumb/v7-m/crtbegin.o

.rodata         0x0000000008003b48      0x2a8
                0x0000000008003b48                . = ALIGN (0x4)
 *(.rodata)
 .rodata        0x0000000008003b48       0x57 HAL/gps.o
 *(.rodata*)
 *fill*         0x0000000008003b9f        0x1 
 .rodata.APbrescTable
                0x0000000008003ba0        0x8 Stm32_F103C6_Drivers/Rcc/RCC.o
                0x0000000008003ba0                APbrescTable
 .rodata.AHBrescTable
                0x0000000008003ba8       0x20 Stm32_F103C6_Drivers/Rcc/RCC.o
                0x0000000008003ba8                AHBrescTable
 .rodata._printf_float.str1.1
                0x0000000008003bc8       0x12 c:/st/stm32cubeide_1.4.0/stm32cubeide/plugins/com.st.stm32cube.ide.mcu.externaltools.gnu-tools-for-stm32.7-2018-q2-update.win32_1.4.0.202007081208/tools/bin/../lib/gcc/arm-none-eabi/7.3.1/../../../../arm-none-eabi/lib/thumb/v7-m\libc_nano.a(lib_a-nano-vfprintf_float.o)
 .rodata._dtoa_r.str1.1
                0x0000000008003bda        0xd c:/st/stm32cubeide_1.4.0/stm32cubeide/plugins/com.st.stm32cube.ide.mcu.externaltools.gnu-tools-for-stm32.7-2018-q2-update.win32_1.4.0.202007081208/tools/bin/../lib/gcc/arm-none-eabi/7.3.1/../../../../arm-none-eabi/lib/thumb/v7-m\libc_nano.a(lib_a-dtoa.o)
                                          0xf (size before relaxing)
 *fill*         0x0000000008003be7        0x1 
 .rodata.__mprec_bigtens
                0x0000000008003be8       0x28 c:/st/stm32cubeide_1.4.0/stm32cubeide/plugins/com.st.stm32cube.ide.mcu.externaltools.gnu-tools-for-stm32.7-2018-q2-update.win32_1.4.0.202007081208/tools/bin/../lib/gcc/arm-none-eabi/7.3.1/../../../../arm-none-eabi/lib/thumb/v7-m\libc_nano.a(lib_a-mprec.o)
                0x0000000008003be8                __mprec_bigtens
 .rodata.__mprec_tens
                0x0000000008003c10       0xc8 c:/st/stm32cubeide_1.4.0/stm32cubeide/plugins/com.st.stm32cube.ide.mcu.externaltools.gnu-tools-for-stm32.7-2018-q2-update.win32_1.4.0.202007081208/tools/bin/../lib/gcc/arm-none-eabi/7.3.1/../../../../arm-none-eabi/lib/thumb/v7-m\libc_nano.a(lib_a-mprec.o)
                0x0000000008003c10                __mprec_tens
 .rodata.p05.6084
                0x0000000008003cd8        0xc c:/st/stm32cubeide_1.4.0/stm32cubeide/plugins/com.st.stm32cube.ide.mcu.externaltools.gnu-tools-for-stm32.7-2018-q2-update.win32_1.4.0.202007081208/tools/bin/../lib/gcc/arm-none-eabi/7.3.1/../../../../arm-none-eabi/lib/thumb/v7-m\libc_nano.a(lib_a-mprec.o)
 .rodata._setlocale_r.str1.1
                0x0000000008003ce4        0x8 c:/st/stm32cubeide_1.4.0/stm32cubeide/plugins/com.st.stm32cube.ide.mcu.externaltools.gnu-tools-for-stm32.7-2018-q2-update.win32_1.4.0.202007081208/tools/bin/../lib/gcc/arm-none-eabi/7.3.1/../../../../arm-none-eabi/lib/thumb/v7-m\libc_nano.a(lib_a-locale.o)
                                          0x9 (size before relaxing)
 .rodata.str1.1
                0x0000000008003cec        0x2 c:/st/stm32cubeide_1.4.0/stm32cubeide/plugins/com.st.stm32cube.ide.mcu.externaltools.gnu-tools-for-stm32.7-2018-q2-update.win32_1.4.0.202007081208/tools/bin/../lib/gcc/arm-none-eabi/7.3.1/../../../../arm-none-eabi/lib/thumb/v7-m\libc_nano.a(lib_a-locale.o)
 .rodata._ctype_
                0x0000000008003cee      0x101 c:/st/stm32cubeide_1.4.0/stm32cubeide/plugins/com.st.stm32cube.ide.mcu.externaltools.gnu-tools-for-stm32.7-2018-q2-update.win32_1.4.0.202007081208/tools/bin/../lib/gcc/arm-none-eabi/7.3.1/../../../../arm-none-eabi/lib/thumb/v7-m\libc_nano.a(lib_a-ctype_.o)
                0x0000000008003cee                _ctype_
                0x0000000008003df0                . = ALIGN (0x4)
 *fill*         0x0000000008003def        0x1 

.rel.dyn        0x0000000008003df0        0x0
 .rel.iplt      0x0000000008003df0        0x0 c:/st/stm32cubeide_1.4.0/stm32cubeide/plugins/com.st.stm32cube.ide.mcu.externaltools.gnu-tools-for-stm32.7-2018-q2-update.win32_1.4.0.202007081208/tools/bin/../lib/gcc/arm-none-eabi/7.3.1/thumb/v7-m/crtbegin.o

.ARM.extab      0x0000000008003df0        0x0
                0x0000000008003df0                . = ALIGN (0x4)
 *(.ARM.extab* .gnu.linkonce.armextab.*)
                0x0000000008003df0                . = ALIGN (0x4)

.ARM            0x0000000008003df0        0x0
                0x0000000008003df0                . = ALIGN (0x4)
                0x0000000008003df0                __exidx_start = .
 *(.ARM.exidx*)
                0x0000000008003df0                __exidx_end = .
                0x0000000008003df0                . = ALIGN (0x4)

.preinit_array  0x0000000008003df0        0x0
                0x0000000008003df0                . = ALIGN (0x4)
                0x0000000008003df0                PROVIDE (__preinit_array_start = .)
 *(.preinit_array*)
                0x0000000008003df0                PROVIDE (__preinit_array_end = .)
                0x0000000008003df0                . = ALIGN (0x4)

.init_array     0x0000000008003df0        0x4
                0x0000000008003df0                . = ALIGN (0x4)
                0x0000000008003df0                PROVIDE (__init_array_start = .)
 *(SORT_BY_NAME(.init_array.*))
 *(.init_array*)
 .init_array    0x0000000008003df0        0x4 c:/st/stm32cubeide_1.4.0/stm32cubeide/plugins/com.st.stm32cube.ide.mcu.externaltools.gnu-tools-for-stm32.7-2018-q2-update.win32_1.4.0.202007081208/tools/bin/../lib/gcc/arm-none-eabi/7.3.1/thumb/v7-m/crtbegin.o
                0x0000000008003df4                PROVIDE (__init_array_end = .)
                0x0000000008003df4                . = ALIGN (0x4)

.fini_array     0x0000000008003df4        0x4
                0x0000000008003df4                . = ALIGN (0x4)
                [!provide]                        PROVIDE (__fini_array_start = .)
 *(SORT_BY_NAME(.fini_array.*))
 *(.fini_array*)
 .fini_array    0x0000000008003df4        0x4 c:/st/stm32cubeide_1.4.0/stm32cubeide/plugins/com.st.stm32cube.ide.mcu.externaltools.gnu-tools-for-stm32.7-2018-q2-update.win32_1.4.0.202007081208/tools/bin/../lib/gcc/arm-none-eabi/7.3.1/thumb/v7-m/crtbegin.o
                [!provide]                        PROVIDE (__fini_array_end = .)
                0x0000000008003df8                . = ALIGN (0x4)
                0x0000000008003df8                _sidata = LOADADDR (.data)

.data           0x0000000020000000      0x1d0 load address 0x0000000008003df8
                0x0000000020000000                . = ALIGN (0x4)
                0x0000000020000000                _sdata = .
 *(.data)
 *(.data*)
 .data._impure_ptr
                0x0000000020000000        0x4 c:/st/stm32cubeide_1.4.0/stm32cubeide/plugins/com.st.stm32cube.ide.mcu.externaltools.gnu-tools-for-stm32.7-2018-q2-update.win32_1.4.0.202007081208/tools/bin/../lib/gcc/arm-none-eabi/7.3.1/../../../../arm-none-eabi/lib/thumb/v7-m\libc_nano.a(lib_a-impure.o)
                0x0000000020000000                _impure_ptr
 .data.impure_data
                0x0000000020000004       0x60 c:/st/stm32cubeide_1.4.0/stm32cubeide/plugins/com.st.stm32cube.ide.mcu.externaltools.gnu-tools-for-stm32.7-2018-q2-update.win32_1.4.0.202007081208/tools/bin/../lib/gcc/arm-none-eabi/7.3.1/../../../../arm-none-eabi/lib/thumb/v7-m\libc_nano.a(lib_a-impure.o)
 .data.__global_locale
                0x0000000020000064      0x16c c:/st/stm32cubeide_1.4.0/stm32cubeide/plugins/com.st.stm32cube.ide.mcu.externaltools.gnu-tools-for-stm32.7-2018-q2-update.win32_1.4.0.202007081208/tools/bin/../lib/gcc/arm-none-eabi/7.3.1/../../../../arm-none-eabi/lib/thumb/v7-m\libc_nano.a(lib_a-locale.o)
                0x0000000020000064                __global_locale
                0x00000000200001d0                . = ALIGN (0x4)
                0x00000000200001d0                _edata = .

.igot.plt       0x00000000200001d0        0x0 load address 0x0000000008003fc8
 .igot.plt      0x00000000200001d0        0x0 c:/st/stm32cubeide_1.4.0/stm32cubeide/plugins/com.st.stm32cube.ide.mcu.externaltools.gnu-tools-for-stm32.7-2018-q2-update.win32_1.4.0.202007081208/tools/bin/../lib/gcc/arm-none-eabi/7.3.1/thumb/v7-m/crtbegin.o
                0x00000000200001d0                . = ALIGN (0x4)

.bss            0x00000000200001d0      0x1a0 load address 0x0000000008003fc8
                0x00000000200001d0                _sbss = .
                0x00000000200001d0                __bss_start__ = _sbss
 *(.bss)
 .bss           0x00000000200001d0       0x1c c:/st/stm32cubeide_1.4.0/stm32cubeide/plugins/com.st.stm32cube.ide.mcu.externaltools.gnu-tools-for-stm32.7-2018-q2-update.win32_1.4.0.202007081208/tools/bin/../lib/gcc/arm-none-eabi/7.3.1/thumb/v7-m/crtbegin.o
 *(.bss*)
 .bss.pxCurrentTCB
                0x00000000200001ec        0x4 Free_RTOS/tasks.o
                0x00000000200001ec                pxCurrentTCB
 .bss.pxReadyTasksLists
                0x00000000200001f0       0x64 Free_RTOS/tasks.o
 .bss.pxDelayedTaskList
                0x0000000020000254        0x4 Free_RTOS/tasks.o
 .bss.pxOverflowDelayedTaskList
                0x0000000020000258        0x4 Free_RTOS/tasks.o
 .bss.xTickCount
                0x000000002000025c        0x4 Free_RTOS/tasks.o
 .bss.uxTopReadyPriority
                0x0000000020000260        0x4 Free_RTOS/tasks.o
 .bss.xPendedTicks
                0x0000000020000264        0x4 Free_RTOS/tasks.o
 .bss.xYieldPending
                0x0000000020000268        0x4 Free_RTOS/tasks.o
 .bss.xNumOfOverflows
                0x000000002000026c        0x4 Free_RTOS/tasks.o
 .bss.xNextTaskUnblockTime
                0x0000000020000270        0x4 Free_RTOS/tasks.o
 .bss.uxSchedulerSuspended
                0x0000000020000274        0x4 Free_RTOS/tasks.o
 .bss.gps_index
                0x0000000020000278        0x4 HAL/gps.o
                0x0000000020000278                gps_index
 .bss.__sbrk_heap_end
                0x000000002000027c        0x4 Src/sysmem.o
 .bss.G_SPI_Config
                0x0000000020000280        0x8 Stm32_F103C6_Drivers/SPI_DRIVER/stm32f103x6_spi_driver.o
                0x0000000020000280                G_SPI_Config
 .bss.Global_config
                0x0000000020000288        0x4 Stm32_F103C6_Drivers/USART/uart.o
                0x0000000020000288                Global_config
 .bss.__malloc_free_list
                0x000000002000028c        0x4 c:/st/stm32cubeide_1.4.0/stm32cubeide/plugins/com.st.stm32cube.ide.mcu.externaltools.gnu-tools-for-stm32.7-2018-q2-update.win32_1.4.0.202007081208/tools/bin/../lib/gcc/arm-none-eabi/7.3.1/../../../../arm-none-eabi/lib/thumb/v7-m\libc_nano.a(lib_a-nano-mallocr.o)
                0x000000002000028c                __malloc_free_list
 .bss.__malloc_sbrk_start
                0x0000000020000290        0x4 c:/st/stm32cubeide_1.4.0/stm32cubeide/plugins/com.st.stm32cube.ide.mcu.externaltools.gnu-tools-for-stm32.7-2018-q2-update.win32_1.4.0.202007081208/tools/bin/../lib/gcc/arm-none-eabi/7.3.1/../../../../arm-none-eabi/lib/thumb/v7-m\libc_nano.a(lib_a-nano-mallocr.o)
                0x0000000020000290                __malloc_sbrk_start
 *(COMMON)
 COMMON         0x0000000020000294       0x70 HAL/gps.o
                0x0000000020000294                gps_buffer
                0x00000000200002f8                gps_data
 COMMON         0x0000000020000304       0x28 Src/main.o
                0x0000000020000304                hcan
 COMMON         0x000000002000032c       0x40 Stm32_F103C6_Drivers/EXTI/stm32_F103C6_EXTI_driver.o
                0x000000002000032c                GP_FuncCallBack
 COMMON         0x000000002000036c        0x4 c:/st/stm32cubeide_1.4.0/stm32cubeide/plugins/com.st.stm32cube.ide.mcu.externaltools.gnu-tools-for-stm32.7-2018-q2-update.win32_1.4.0.202007081208/tools/bin/../lib/gcc/arm-none-eabi/7.3.1/../../../../arm-none-eabi/lib/thumb/v7-m\libc_nano.a(lib_a-reent.o)
                0x000000002000036c                errno
                0x0000000020000370                . = ALIGN (0x4)
                0x0000000020000370                _ebss = .
                0x0000000020000370                __bss_end__ = _ebss

._user_heap_stack
                0x0000000020000370      0x600 load address 0x0000000008003fc8
                0x0000000020000370                . = ALIGN (0x8)
                [!provide]                        PROVIDE (end = .)
                0x0000000020000370                PROVIDE (_end = .)
                0x0000000020000570                . = (. + _Min_Heap_Size)
 *fill*         0x0000000020000370      0x200 
                0x0000000020000970                . = (. + _Min_Stack_Size)
 *fill*         0x0000000020000570      0x400 
                0x0000000020000970                . = ALIGN (0x8)

/DISCARD/
 libc.a(*)
 libm.a(*)
 libgcc.a(*)

.ARM.attributes
                0x0000000000000000       0x29
 *(.ARM.attributes)
 .ARM.attributes
                0x0000000000000000       0x1d c:/st/stm32cubeide_1.4.0/stm32cubeide/plugins/com.st.stm32cube.ide.mcu.externaltools.gnu-tools-for-stm32.7-2018-q2-update.win32_1.4.0.202007081208/tools/bin/../lib/gcc/arm-none-eabi/7.3.1/thumb/v7-m/crti.o
 .ARM.attributes
                0x000000000000001d       0x2d c:/st/stm32cubeide_1.4.0/stm32cubeide/plugins/com.st.stm32cube.ide.mcu.externaltools.gnu-tools-for-stm32.7-2018-q2-update.win32_1.4.0.202007081208/tools/bin/../lib/gcc/arm-none-eabi/7.3.1/thumb/v7-m/crtbegin.o
 .ARM.attributes
                0x000000000000004a       0x33 Free_RTOS/tasks.o
 .ARM.attributes
                0x000000000000007d       0x33 Free_RTOS/portable/GCC/ARM_CM3/port.o
 .ARM.attributes
                0x00000000000000b0       0x33 HAL/gps.o
 .ARM.attributes
                0x00000000000000e3       0x33 Src/main.o
 .ARM.attributes
                0x0000000000000116       0x33 Src/sysmem.o
 .ARM.attributes
                0x0000000000000149       0x21 Startup/startup_stm32f103c6tx.o
 .ARM.attributes
                0x000000000000016a       0x33 Stm32_F103C6_Drivers/CAN/CAN.o
 .ARM.attributes
                0x000000000000019d       0x33 Stm32_F103C6_Drivers/EXTI/stm32_F103C6_EXTI_driver.o
 .ARM.attributes
                0x00000000000001d0       0x33 Stm32_F103C6_Drivers/GPIO/stm32_F103C6_gpio_driver.o
 .ARM.attributes
                0x0000000000000203       0x33 Stm32_F103C6_Drivers/I2C_DRIVER/stm32f103x8_i2c_driver.o
 .ARM.attributes
                0x0000000000000236       0x33 Stm32_F103C6_Drivers/Rcc/RCC.o
 .ARM.attributes
                0x0000000000000269       0x33 Stm32_F103C6_Drivers/SPI_DRIVER/stm32f103x6_spi_driver.o
 .ARM.attributes
                0x000000000000029c       0x33 Stm32_F103C6_Drivers/USART/uart.o
 .ARM.attributes
                0x00000000000002cf       0x2d c:/st/stm32cubeide_1.4.0/stm32cubeide/plugins/com.st.stm32cube.ide.mcu.externaltools.gnu-tools-for-stm32.7-2018-q2-update.win32_1.4.0.202007081208/tools/bin/../lib/gcc/arm-none-eabi/7.3.1/../../../../arm-none-eabi/lib/thumb/v7-m\libc_nano.a(lib_a-errno.o)
 .ARM.attributes
                0x00000000000002fc       0x2d c:/st/stm32cubeide_1.4.0/stm32cubeide/plugins/com.st.stm32cube.ide.mcu.externaltools.gnu-tools-for-stm32.7-2018-q2-update.win32_1.4.0.202007081208/tools/bin/../lib/gcc/arm-none-eabi/7.3.1/../../../../arm-none-eabi/lib/thumb/v7-m\libc_nano.a(lib_a-impure.o)
 .ARM.attributes
                0x0000000000000329       0x2d c:/st/stm32cubeide_1.4.0/stm32cubeide/plugins/com.st.stm32cube.ide.mcu.externaltools.gnu-tools-for-stm32.7-2018-q2-update.win32_1.4.0.202007081208/tools/bin/../lib/gcc/arm-none-eabi/7.3.1/../../../../arm-none-eabi/lib/thumb/v7-m\libc_nano.a(lib_a-init.o)
 .ARM.attributes
                0x0000000000000356       0x2d c:/st/stm32cubeide_1.4.0/stm32cubeide/plugins/com.st.stm32cube.ide.mcu.externaltools.gnu-tools-for-stm32.7-2018-q2-update.win32_1.4.0.202007081208/tools/bin/../lib/gcc/arm-none-eabi/7.3.1/../../../../arm-none-eabi/lib/thumb/v7-m\libc_nano.a(lib_a-memcpy-stub.o)
 .ARM.attributes
                0x0000000000000383       0x2d c:/st/stm32cubeide_1.4.0/stm32cubeide/plugins/com.st.stm32cube.ide.mcu.externaltools.gnu-tools-for-stm32.7-2018-q2-update.win32_1.4.0.202007081208/tools/bin/../lib/gcc/arm-none-eabi/7.3.1/../../../../arm-none-eabi/lib/thumb/v7-m\libc_nano.a(lib_a-memset.o)
 .ARM.attributes
                0x00000000000003b0       0x2d c:/st/stm32cubeide_1.4.0/stm32cubeide/plugins/com.st.stm32cube.ide.mcu.externaltools.gnu-tools-for-stm32.7-2018-q2-update.win32_1.4.0.202007081208/tools/bin/../lib/gcc/arm-none-eabi/7.3.1/../../../../arm-none-eabi/lib/thumb/v7-m\libc_nano.a(lib_a-nano-vfprintf_float.o)
 .ARM.attributes
                0x00000000000003dd       0x2d c:/st/stm32cubeide_1.4.0/stm32cubeide/plugins/com.st.stm32cube.ide.mcu.externaltools.gnu-tools-for-stm32.7-2018-q2-update.win32_1.4.0.202007081208/tools/bin/../lib/gcc/arm-none-eabi/7.3.1/../../../../arm-none-eabi/lib/thumb/v7-m\libc_nano.a(lib_a-nano-vfprintf_i.o)
 .ARM.attributes
                0x000000000000040a       0x17 c:/st/stm32cubeide_1.4.0/stm32cubeide/plugins/com.st.stm32cube.ide.mcu.externaltools.gnu-tools-for-stm32.7-2018-q2-update.win32_1.4.0.202007081208/tools/bin/../lib/gcc/arm-none-eabi/7.3.1/../../../../arm-none-eabi/lib/thumb/v7-m\libc_nano.a(lib_a-strlen.o)
 .ARM.attributes
                0x0000000000000421       0x2d c:/st/stm32cubeide_1.4.0/stm32cubeide/plugins/com.st.stm32cube.ide.mcu.externaltools.gnu-tools-for-stm32.7-2018-q2-update.win32_1.4.0.202007081208/tools/bin/../lib/gcc/arm-none-eabi/7.3.1/../../../../arm-none-eabi/lib/thumb/v7-m\libc_nano.a(lib_a-strncmp.o)
 .ARM.attributes
                0x000000000000044e       0x2d c:/st/stm32cubeide_1.4.0/stm32cubeide/plugins/com.st.stm32cube.ide.mcu.externaltools.gnu-tools-for-stm32.7-2018-q2-update.win32_1.4.0.202007081208/tools/bin/../lib/gcc/arm-none-eabi/7.3.1/../../../../arm-none-eabi/lib/thumb/v7-m\libc_nano.a(lib_a-strncpy.o)
 .ARM.attributes
                0x000000000000047b       0x2d c:/st/stm32cubeide_1.4.0/stm32cubeide/plugins/com.st.stm32cube.ide.mcu.externaltools.gnu-tools-for-stm32.7-2018-q2-update.win32_1.4.0.202007081208/tools/bin/../lib/gcc/arm-none-eabi/7.3.1/../../../../arm-none-eabi/lib/thumb/v7-m\libc_nano.a(lib_a-strtok.o)
 .ARM.attributes
                0x00000000000004a8       0x2d c:/st/stm32cubeide_1.4.0/stm32cubeide/plugins/com.st.stm32cube.ide.mcu.externaltools.gnu-tools-for-stm32.7-2018-q2-update.win32_1.4.0.202007081208/tools/bin/../lib/gcc/arm-none-eabi/7.3.1/../../../../arm-none-eabi/lib/thumb/v7-m\libc_nano.a(lib_a-strtok_r.o)
 .ARM.attributes
                0x00000000000004d5       0x2d c:/st/stm32cubeide_1.4.0/stm32cubeide/plugins/com.st.stm32cube.ide.mcu.externaltools.gnu-tools-for-stm32.7-2018-q2-update.win32_1.4.0.202007081208/tools/bin/../lib/gcc/arm-none-eabi/7.3.1/../../../../arm-none-eabi/lib/thumb/v7-m\libc_nano.a(lib_a-dtoa.o)
 .ARM.attributes
                0x0000000000000502       0x2d c:/st/stm32cubeide_1.4.0/stm32cubeide/plugins/com.st.stm32cube.ide.mcu.externaltools.gnu-tools-for-stm32.7-2018-q2-update.win32_1.4.0.202007081208/tools/bin/../lib/gcc/arm-none-eabi/7.3.1/../../../../arm-none-eabi/lib/thumb/v7-m\libc_nano.a(lib_a-localeconv.o)
 .ARM.attributes
                0x000000000000052f       0x2d c:/st/stm32cubeide_1.4.0/stm32cubeide/plugins/com.st.stm32cube.ide.mcu.externaltools.gnu-tools-for-stm32.7-2018-q2-update.win32_1.4.0.202007081208/tools/bin/../lib/gcc/arm-none-eabi/7.3.1/../../../../arm-none-eabi/lib/thumb/v7-m\libc_nano.a(lib_a-malloc.o)
 .ARM.attributes
                0x000000000000055c       0x2d c:/st/stm32cubeide_1.4.0/stm32cubeide/plugins/com.st.stm32cube.ide.mcu.externaltools.gnu-tools-for-stm32.7-2018-q2-update.win32_1.4.0.202007081208/tools/bin/../lib/gcc/arm-none-eabi/7.3.1/../../../../arm-none-eabi/lib/thumb/v7-m\libc_nano.a(lib_a-mprec.o)
 .ARM.attributes
                0x0000000000000589       0x2d c:/st/stm32cubeide_1.4.0/stm32cubeide/plugins/com.st.stm32cube.ide.mcu.externaltools.gnu-tools-for-stm32.7-2018-q2-update.win32_1.4.0.202007081208/tools/bin/../lib/gcc/arm-none-eabi/7.3.1/../../../../arm-none-eabi/lib/thumb/v7-m\libc_nano.a(lib_a-nano-callocr.o)
 .ARM.attributes
                0x00000000000005b6       0x2d c:/st/stm32cubeide_1.4.0/stm32cubeide/plugins/com.st.stm32cube.ide.mcu.externaltools.gnu-tools-for-stm32.7-2018-q2-update.win32_1.4.0.202007081208/tools/bin/../lib/gcc/arm-none-eabi/7.3.1/../../../../arm-none-eabi/lib/thumb/v7-m\libc_nano.a(lib_a-nano-mallocr.o)
 .ARM.attributes
                0x00000000000005e3       0x2d c:/st/stm32cubeide_1.4.0/stm32cubeide/plugins/com.st.stm32cube.ide.mcu.externaltools.gnu-tools-for-stm32.7-2018-q2-update.win32_1.4.0.202007081208/tools/bin/../lib/gcc/arm-none-eabi/7.3.1/../../../../arm-none-eabi/lib/thumb/v7-m\libc_nano.a(lib_a-sbrkr.o)
 .ARM.attributes
                0x0000000000000610       0x2d c:/st/stm32cubeide_1.4.0/stm32cubeide/plugins/com.st.stm32cube.ide.mcu.externaltools.gnu-tools-for-stm32.7-2018-q2-update.win32_1.4.0.202007081208/tools/bin/../lib/gcc/arm-none-eabi/7.3.1/../../../../arm-none-eabi/lib/thumb/v7-m\libc_nano.a(lib_a-locale.o)
 .ARM.attributes
                0x000000000000063d       0x2d c:/st/stm32cubeide_1.4.0/stm32cubeide/plugins/com.st.stm32cube.ide.mcu.externaltools.gnu-tools-for-stm32.7-2018-q2-update.win32_1.4.0.202007081208/tools/bin/../lib/gcc/arm-none-eabi/7.3.1/../../../../arm-none-eabi/lib/thumb/v7-m\libc_nano.a(lib_a-mbtowc_r.o)
 .ARM.attributes
                0x000000000000066a       0x2d c:/st/stm32cubeide_1.4.0/stm32cubeide/plugins/com.st.stm32cube.ide.mcu.externaltools.gnu-tools-for-stm32.7-2018-q2-update.win32_1.4.0.202007081208/tools/bin/../lib/gcc/arm-none-eabi/7.3.1/../../../../arm-none-eabi/lib/thumb/v7-m\libc_nano.a(lib_a-mlock.o)
 .ARM.attributes
                0x0000000000000697       0x2d c:/st/stm32cubeide_1.4.0/stm32cubeide/plugins/com.st.stm32cube.ide.mcu.externaltools.gnu-tools-for-stm32.7-2018-q2-update.win32_1.4.0.202007081208/tools/bin/../lib/gcc/arm-none-eabi/7.3.1/../../../../arm-none-eabi/lib/thumb/v7-m\libc_nano.a(lib_a-reent.o)
 .ARM.attributes
                0x00000000000006c4       0x2d c:/st/stm32cubeide_1.4.0/stm32cubeide/plugins/com.st.stm32cube.ide.mcu.externaltools.gnu-tools-for-stm32.7-2018-q2-update.win32_1.4.0.202007081208/tools/bin/../lib/gcc/arm-none-eabi/7.3.1/../../../../arm-none-eabi/lib/thumb/v7-m\libc_nano.a(lib_a-wctomb_r.o)
 .ARM.attributes
                0x00000000000006f1       0x2d c:/st/stm32cubeide_1.4.0/stm32cubeide/plugins/com.st.stm32cube.ide.mcu.externaltools.gnu-tools-for-stm32.7-2018-q2-update.win32_1.4.0.202007081208/tools/bin/../lib/gcc/arm-none-eabi/7.3.1/../../../../arm-none-eabi/lib/thumb/v7-m\libc_nano.a(lib_a-ctype_.o)
 .ARM.attributes
                0x000000000000071e       0x1d c:/st/stm32cubeide_1.4.0/stm32cubeide/plugins/com.st.stm32cube.ide.mcu.externaltools.gnu-tools-for-stm32.7-2018-q2-update.win32_1.4.0.202007081208/tools/bin/../lib/gcc/arm-none-eabi/7.3.1/thumb/v7-m\libgcc.a(_arm_addsubdf3.o)
 .ARM.attributes
                0x000000000000073b       0x1d c:/st/stm32cubeide_1.4.0/stm32cubeide/plugins/com.st.stm32cube.ide.mcu.externaltools.gnu-tools-for-stm32.7-2018-q2-update.win32_1.4.0.202007081208/tools/bin/../lib/gcc/arm-none-eabi/7.3.1/thumb/v7-m\libgcc.a(_arm_muldivdf3.o)
 .ARM.attributes
                0x0000000000000758       0x1d c:/st/stm32cubeide_1.4.0/stm32cubeide/plugins/com.st.stm32cube.ide.mcu.externaltools.gnu-tools-for-stm32.7-2018-q2-update.win32_1.4.0.202007081208/tools/bin/../lib/gcc/arm-none-eabi/7.3.1/thumb/v7-m\libgcc.a(_arm_cmpdf2.o)
 .ARM.attributes
                0x0000000000000775       0x1d c:/st/stm32cubeide_1.4.0/stm32cubeide/plugins/com.st.stm32cube.ide.mcu.externaltools.gnu-tools-for-stm32.7-2018-q2-update.win32_1.4.0.202007081208/tools/bin/../lib/gcc/arm-none-eabi/7.3.1/thumb/v7-m\libgcc.a(_arm_unorddf2.o)
 .ARM.attributes
                0x0000000000000792       0x1d c:/st/stm32cubeide_1.4.0/stm32cubeide/plugins/com.st.stm32cube.ide.mcu.externaltools.gnu-tools-for-stm32.7-2018-q2-update.win32_1.4.0.202007081208/tools/bin/../lib/gcc/arm-none-eabi/7.3.1/thumb/v7-m\libgcc.a(_arm_fixdfsi.o)
 .ARM.attributes
                0x00000000000007af       0x1d c:/st/stm32cubeide_1.4.0/stm32cubeide/plugins/com.st.stm32cube.ide.mcu.externaltools.gnu-tools-for-stm32.7-2018-q2-update.win32_1.4.0.202007081208/tools/bin/../lib/gcc/arm-none-eabi/7.3.1/thumb/v7-m/crtn.o
OUTPUT(Drivers.elf elf32-littlearm)

.debug_info     0x0000000000000000     0xbde4
 .debug_info    0x0000000000000000     0x221a Free_RTOS/tasks.o
 .debug_info    0x000000000000221a      0x318 Free_RTOS/portable/GCC/ARM_CM3/port.o
 .debug_info    0x0000000000002532      0xcb4 HAL/gps.o
 .debug_info    0x00000000000031e6      0xf71 Src/main.o
 .debug_info    0x0000000000004157      0xa7c Src/sysmem.o
 .debug_info    0x0000000000004bd3       0x22 Startup/startup_stm32f103c6tx.o
 .debug_info    0x0000000000004bf5     0x1cb9 Stm32_F103C6_Drivers/CAN/CAN.o
 .debug_info    0x00000000000068ae      0xd6b Stm32_F103C6_Drivers/EXTI/stm32_F103C6_EXTI_driver.o
 .debug_info    0x0000000000007619      0xd8a Stm32_F103C6_Drivers/GPIO/stm32_F103C6_gpio_driver.o
 .debug_info    0x00000000000083a3     0x1212 Stm32_F103C6_Drivers/I2C_DRIVER/stm32f103x8_i2c_driver.o
 .debug_info    0x00000000000095b5      0xb24 Stm32_F103C6_Drivers/Rcc/RCC.o
 .debug_info    0x000000000000a0d9      0xecf Stm32_F103C6_Drivers/SPI_DRIVER/stm32f103x6_spi_driver.o
 .debug_info    0x000000000000afa8      0xe3c Stm32_F103C6_Drivers/USART/uart.o

.debug_abbrev   0x0000000000000000     0x1ab4
 .debug_abbrev  0x0000000000000000      0x329 Free_RTOS/tasks.o
 .debug_abbrev  0x0000000000000329      0x1e5 Free_RTOS/portable/GCC/ARM_CM3/port.o
 .debug_abbrev  0x000000000000050e      0x1e9 HAL/gps.o
 .debug_abbrev  0x00000000000006f7      0x1f1 Src/main.o
 .debug_abbrev  0x00000000000008e8      0x18e Src/sysmem.o
 .debug_abbrev  0x0000000000000a76       0x12 Startup/startup_stm32f103c6tx.o
 .debug_abbrev  0x0000000000000a88      0x2f8 Stm32_F103C6_Drivers/CAN/CAN.o
 .debug_abbrev  0x0000000000000d80      0x219 Stm32_F103C6_Drivers/EXTI/stm32_F103C6_EXTI_driver.o
 .debug_abbrev  0x0000000000000f99      0x230 Stm32_F103C6_Drivers/GPIO/stm32_F103C6_gpio_driver.o
 .debug_abbrev  0x00000000000011c9      0x2a8 Stm32_F103C6_Drivers/I2C_DRIVER/stm32f103x8_i2c_driver.o
 .debug_abbrev  0x0000000000001471      0x19b Stm32_F103C6_Drivers/Rcc/RCC.o
 .debug_abbrev  0x000000000000160c      0x267 Stm32_F103C6_Drivers/SPI_DRIVER/stm32f103x6_spi_driver.o
 .debug_abbrev  0x0000000000001873      0x241 Stm32_F103C6_Drivers/USART/uart.o

.debug_loc      0x0000000000000000     0x3346
 .debug_loc     0x0000000000000000      0xeac Free_RTOS/tasks.o
 .debug_loc     0x0000000000000eac      0x274 Free_RTOS/portable/GCC/ARM_CM3/port.o
 .debug_loc     0x0000000000001120       0xf2 HAL/gps.o
 .debug_loc     0x0000000000001212       0x7c Src/main.o
 .debug_loc     0x000000000000128e       0x50 Src/sysmem.o
 .debug_loc     0x00000000000012de      0xe74 Stm32_F103C6_Drivers/CAN/CAN.o
 .debug_loc     0x0000000000002152      0x280 Stm32_F103C6_Drivers/EXTI/stm32_F103C6_EXTI_driver.o
 .debug_loc     0x00000000000023d2      0x3e8 Stm32_F103C6_Drivers/GPIO/stm32_F103C6_gpio_driver.o
 .debug_loc     0x00000000000027ba      0x524 Stm32_F103C6_Drivers/I2C_DRIVER/stm32f103x8_i2c_driver.o
 .debug_loc     0x0000000000002cde       0xc8 Stm32_F103C6_Drivers/Rcc/RCC.o
 .debug_loc     0x0000000000002da6      0x2bc Stm32_F103C6_Drivers/SPI_DRIVER/stm32f103x6_spi_driver.o
 .debug_loc     0x0000000000003062      0x2e4 Stm32_F103C6_Drivers/USART/uart.o

.debug_aranges  0x0000000000000000      0x680
 .debug_aranges
                0x0000000000000000      0x188 Free_RTOS/tasks.o
 .debug_aranges
                0x0000000000000188       0x70 Free_RTOS/portable/GCC/ARM_CM3/port.o
 .debug_aranges
                0x00000000000001f8       0x30 HAL/gps.o
 .debug_aranges
                0x0000000000000228       0x28 Src/main.o
 .debug_aranges
                0x0000000000000250       0x20 Src/sysmem.o
 .debug_aranges
                0x0000000000000270       0x28 Startup/startup_stm32f103c6tx.o
 .debug_aranges
                0x0000000000000298      0x178 Stm32_F103C6_Drivers/CAN/CAN.o
 .debug_aranges
                0x0000000000000410       0x70 Stm32_F103C6_Drivers/EXTI/stm32_F103C6_EXTI_driver.o
 .debug_aranges
                0x0000000000000480       0x70 Stm32_F103C6_Drivers/GPIO/stm32_F103C6_gpio_driver.o
 .debug_aranges
                0x00000000000004f0       0x98 Stm32_F103C6_Drivers/I2C_DRIVER/stm32f103x8_i2c_driver.o
 .debug_aranges
                0x0000000000000588       0x38 Stm32_F103C6_Drivers/Rcc/RCC.o
 .debug_aranges
                0x00000000000005c0       0x58 Stm32_F103C6_Drivers/SPI_DRIVER/stm32f103x6_spi_driver.o
 .debug_aranges
                0x0000000000000618       0x68 Stm32_F103C6_Drivers/USART/uart.o

.debug_ranges   0x0000000000000000      0x5b8
 .debug_ranges  0x0000000000000000      0x178 Free_RTOS/tasks.o
 .debug_ranges  0x0000000000000178       0x60 Free_RTOS/portable/GCC/ARM_CM3/port.o
 .debug_ranges  0x00000000000001d8       0x20 HAL/gps.o
 .debug_ranges  0x00000000000001f8       0x18 Src/main.o
 .debug_ranges  0x0000000000000210       0x10 Src/sysmem.o
 .debug_ranges  0x0000000000000220       0x20 Startup/startup_stm32f103c6tx.o
 .debug_ranges  0x0000000000000240      0x168 Stm32_F103C6_Drivers/CAN/CAN.o
 .debug_ranges  0x00000000000003a8       0x60 Stm32_F103C6_Drivers/EXTI/stm32_F103C6_EXTI_driver.o
 .debug_ranges  0x0000000000000408       0x60 Stm32_F103C6_Drivers/GPIO/stm32_F103C6_gpio_driver.o
 .debug_ranges  0x0000000000000468       0x88 Stm32_F103C6_Drivers/I2C_DRIVER/stm32f103x8_i2c_driver.o
 .debug_ranges  0x00000000000004f0       0x28 Stm32_F103C6_Drivers/Rcc/RCC.o
 .debug_ranges  0x0000000000000518       0x48 Stm32_F103C6_Drivers/SPI_DRIVER/stm32f103x6_spi_driver.o
 .debug_ranges  0x0000000000000560       0x58 Stm32_F103C6_Drivers/USART/uart.o

.debug_macro    0x0000000000000000     0xf005
 .debug_macro   0x0000000000000000      0x271 Free_RTOS/tasks.o
 .debug_macro   0x0000000000000271       0x10 Free_RTOS/tasks.o
 .debug_macro   0x0000000000000281      0x177 Free_RTOS/portable/GCC/ARM_CM3/port.o
 .debug_macro   0x00000000000003f8      0x24d HAL/gps.o
 .debug_macro   0x0000000000000645       0x16 HAL/gps.o
 .debug_macro   0x000000000000065b       0x97 HAL/gps.o
 .debug_macro   0x00000000000006f2       0xfd HAL/gps.o
 .debug_macro   0x00000000000007ef       0x10 HAL/gps.o
 .debug_macro   0x00000000000007ff       0x10 HAL/gps.o
 .debug_macro   0x000000000000080f       0x1c HAL/gps.o
 .debug_macro   0x000000000000082b       0x52 HAL/gps.o
 .debug_macro   0x000000000000087d       0x40 HAL/gps.o
 .debug_macro   0x00000000000008bd       0x10 HAL/gps.o
 .debug_macro   0x00000000000008cd       0x40 HAL/gps.o
 .debug_macro   0x000000000000090d       0xd7 HAL/gps.o
 .debug_macro   0x00000000000009e4       0x1c HAL/gps.o
 .debug_macro   0x0000000000000a00       0x3d HAL/gps.o
 .debug_macro   0x0000000000000a3d       0x16 HAL/gps.o
 .debug_macro   0x0000000000000a53      0x145 HAL/gps.o
 .debug_macro   0x0000000000000b98     0x629f HAL/gps.o
 .debug_macro   0x0000000000006e37       0xd6 HAL/gps.o
 .debug_macro   0x0000000000006f0d      0x22c HAL/gps.o
 .debug_macro   0x0000000000007139       0x16 HAL/gps.o
 .debug_macro   0x000000000000714f       0xe8 HAL/gps.o
 .debug_macro   0x0000000000007237      0x28e Src/main.o
 .debug_macro   0x00000000000074c5       0xd0 Src/main.o
 .debug_macro   0x0000000000007595      0x55f Src/main.o
 .debug_macro   0x0000000000007af4       0xee Src/sysmem.o
 .debug_macro   0x0000000000007be2      0x23b Src/sysmem.o
 .debug_macro   0x0000000000007e1d      0x23c Stm32_F103C6_Drivers/CAN/CAN.o
 .debug_macro   0x0000000000008059      0x201 Stm32_F103C6_Drivers/EXTI/stm32_F103C6_EXTI_driver.o
 .debug_macro   0x000000000000825a     0x629f Stm32_F103C6_Drivers/EXTI/stm32_F103C6_EXTI_driver.o
 .debug_macro   0x000000000000e4f9      0x1e8 Stm32_F103C6_Drivers/GPIO/stm32_F103C6_gpio_driver.o
 .debug_macro   0x000000000000e6e1      0x1fa Stm32_F103C6_Drivers/I2C_DRIVER/stm32f103x8_i2c_driver.o
 .debug_macro   0x000000000000e8db       0x6c Stm32_F103C6_Drivers/I2C_DRIVER/stm32f103x8_i2c_driver.o
 .debug_macro   0x000000000000e947      0x1f1 Stm32_F103C6_Drivers/Rcc/RCC.o
 .debug_macro   0x000000000000eb38       0x10 Stm32_F103C6_Drivers/Rcc/RCC.o
 .debug_macro   0x000000000000eb48      0x1f1 Stm32_F103C6_Drivers/SPI_DRIVER/stm32f103x6_spi_driver.o
 .debug_macro   0x000000000000ed39       0xbf Stm32_F103C6_Drivers/SPI_DRIVER/stm32f103x6_spi_driver.o
 .debug_macro   0x000000000000edf8      0x20d Stm32_F103C6_Drivers/USART/uart.o

.debug_line     0x0000000000000000     0x5fec
 .debug_line    0x0000000000000000      0xe8f Free_RTOS/tasks.o
 .debug_line    0x0000000000000e8f      0x5f1 Free_RTOS/portable/GCC/ARM_CM3/port.o
 .debug_line    0x0000000000001480      0x70d HAL/gps.o
 .debug_line    0x0000000000001b8d      0x6ef Src/main.o
 .debug_line    0x000000000000227c      0x4c2 Src/sysmem.o
 .debug_line    0x000000000000273e       0x84 Startup/startup_stm32f103c6tx.o
 .debug_line    0x00000000000027c2      0xb88 Stm32_F103C6_Drivers/CAN/CAN.o
 .debug_line    0x000000000000334a      0x7d0 Stm32_F103C6_Drivers/EXTI/stm32_F103C6_EXTI_driver.o
 .debug_line    0x0000000000003b1a      0x77e Stm32_F103C6_Drivers/GPIO/stm32_F103C6_gpio_driver.o
 .debug_line    0x0000000000004298      0x863 Stm32_F103C6_Drivers/I2C_DRIVER/stm32f103x8_i2c_driver.o
 .debug_line    0x0000000000004afb      0x63a Stm32_F103C6_Drivers/Rcc/RCC.o
 .debug_line    0x0000000000005135      0x754 Stm32_F103C6_Drivers/SPI_DRIVER/stm32f103x6_spi_driver.o
 .debug_line    0x0000000000005889      0x763 Stm32_F103C6_Drivers/USART/uart.o

.debug_str      0x0000000000000000    0x33d84
 .debug_str     0x0000000000000000     0xd596 Free_RTOS/tasks.o
                                       0xd8b6 (size before relaxing)
 .debug_str     0x000000000000d596      0x5fd Free_RTOS/portable/GCC/ARM_CM3/port.o
                                       0x93ac (size before relaxing)
 .debug_str     0x000000000000db93    0x217e8 HAL/gps.o
                                      0x27de9 (size before relaxing)
 .debug_str     0x000000000002f37b     0x2c26 Src/main.o
                                      0x2b2dc (size before relaxing)
 .debug_str     0x0000000000031fa1      0x364 Src/sysmem.o
                                       0x5f4f (size before relaxing)
 .debug_str     0x0000000000032305       0x31 Startup/startup_stm32f103c6tx.o
                                         0x72 (size before relaxing)
 .debug_str     0x0000000000032336      0x794 Stm32_F103C6_Drivers/CAN/CAN.o
                                      0x2a06b (size before relaxing)
 .debug_str     0x0000000000032aca      0x274 Stm32_F103C6_Drivers/EXTI/stm32_F103C6_EXTI_driver.o
                                      0x27802 (size before relaxing)
 .debug_str     0x0000000000032d3e      0x11a Stm32_F103C6_Drivers/GPIO/stm32_F103C6_gpio_driver.o
                                      0x26458 (size before relaxing)
 .debug_str     0x0000000000032e58      0x62c Stm32_F103C6_Drivers/I2C_DRIVER/stm32f103x8_i2c_driver.o
                                      0x269df (size before relaxing)
 .debug_str     0x0000000000033484       0x94 Stm32_F103C6_Drivers/Rcc/RCC.o
                                      0x263b6 (size before relaxing)
 .debug_str     0x0000000000033518      0x741 Stm32_F103C6_Drivers/SPI_DRIVER/stm32f103x6_spi_driver.o
                                      0x26a88 (size before relaxing)
 .debug_str     0x0000000000033c59      0x12b Stm32_F103C6_Drivers/USART/uart.o
                                      0x27e40 (size before relaxing)

.comment        0x0000000000000000       0x7b
 .comment       0x0000000000000000       0x7b Free_RTOS/tasks.o
                                         0x7c (size before relaxing)
 .comment       0x000000000000007b       0x7c Free_RTOS/portable/GCC/ARM_CM3/port.o
 .comment       0x000000000000007b       0x7c HAL/gps.o
 .comment       0x000000000000007b       0x7c Src/main.o
 .comment       0x000000000000007b       0x7c Src/sysmem.o
 .comment       0x000000000000007b       0x7c Stm32_F103C6_Drivers/CAN/CAN.o
 .comment       0x000000000000007b       0x7c Stm32_F103C6_Drivers/EXTI/stm32_F103C6_EXTI_driver.o
 .comment       0x000000000000007b       0x7c Stm32_F103C6_Drivers/GPIO/stm32_F103C6_gpio_driver.o
 .comment       0x000000000000007b       0x7c Stm32_F103C6_Drivers/I2C_DRIVER/stm32f103x8_i2c_driver.o
 .comment       0x000000000000007b       0x7c Stm32_F103C6_Drivers/Rcc/RCC.o
 .comment       0x000000000000007b       0x7c Stm32_F103C6_Drivers/SPI_DRIVER/stm32f103x6_spi_driver.o
 .comment       0x000000000000007b       0x7c Stm32_F103C6_Drivers/USART/uart.o

.debug_frame    0x0000000000000000     0x21d4
 .debug_frame   0x0000000000000000      0x6a4 Free_RTOS/tasks.o
 .debug_frame   0x00000000000006a4      0x160 Free_RTOS/portable/GCC/ARM_CM3/port.o
 .debug_frame   0x0000000000000804       0x7c HAL/gps.o
 .debug_frame   0x0000000000000880       0x50 Src/main.o
 .debug_frame   0x00000000000008d0       0x34 Src/sysmem.o
 .debug_frame   0x0000000000000904      0x690 Stm32_F103C6_Drivers/CAN/CAN.o
 .debug_frame   0x0000000000000f94      0x168 Stm32_F103C6_Drivers/EXTI/stm32_F103C6_EXTI_driver.o
 .debug_frame   0x00000000000010fc      0x1c8 Stm32_F103C6_Drivers/GPIO/stm32_F103C6_gpio_driver.o
 .debug_frame   0x00000000000012c4      0x260 Stm32_F103C6_Drivers/I2C_DRIVER/stm32f103x8_i2c_driver.o
 .debug_frame   0x0000000000001524       0x84 Stm32_F103C6_Drivers/Rcc/RCC.o
 .debug_frame   0x00000000000015a8      0x148 Stm32_F103C6_Drivers/SPI_DRIVER/stm32f103x6_spi_driver.o
 .debug_frame   0x00000000000016f0      0x170 Stm32_F103C6_Drivers/USART/uart.o
 .debug_frame   0x0000000000001860       0x20 c:/st/stm32cubeide_1.4.0/stm32cubeide/plugins/com.st.stm32cube.ide.mcu.externaltools.gnu-tools-for-stm32.7-2018-q2-update.win32_1.4.0.202007081208/tools/bin/../lib/gcc/arm-none-eabi/7.3.1/../../../../arm-none-eabi/lib/thumb/v7-m\libc_nano.a(lib_a-errno.o)
 .debug_frame   0x0000000000001880       0x2c c:/st/stm32cubeide_1.4.0/stm32cubeide/plugins/com.st.stm32cube.ide.mcu.externaltools.gnu-tools-for-stm32.7-2018-q2-update.win32_1.4.0.202007081208/tools/bin/../lib/gcc/arm-none-eabi/7.3.1/../../../../arm-none-eabi/lib/thumb/v7-m\libc_nano.a(lib_a-init.o)
 .debug_frame   0x00000000000018ac       0x28 c:/st/stm32cubeide_1.4.0/stm32cubeide/plugins/com.st.stm32cube.ide.mcu.externaltools.gnu-tools-for-stm32.7-2018-q2-update.win32_1.4.0.202007081208/tools/bin/../lib/gcc/arm-none-eabi/7.3.1/../../../../arm-none-eabi/lib/thumb/v7-m\libc_nano.a(lib_a-memcpy-stub.o)
 .debug_frame   0x00000000000018d4       0x20 c:/st/stm32cubeide_1.4.0/stm32cubeide/plugins/com.st.stm32cube.ide.mcu.externaltools.gnu-tools-for-stm32.7-2018-q2-update.win32_1.4.0.202007081208/tools/bin/../lib/gcc/arm-none-eabi/7.3.1/../../../../arm-none-eabi/lib/thumb/v7-m\libc_nano.a(lib_a-memset.o)
 .debug_frame   0x00000000000018f4       0x90 c:/st/stm32cubeide_1.4.0/stm32cubeide/plugins/com.st.stm32cube.ide.mcu.externaltools.gnu-tools-for-stm32.7-2018-q2-update.win32_1.4.0.202007081208/tools/bin/../lib/gcc/arm-none-eabi/7.3.1/../../../../arm-none-eabi/lib/thumb/v7-m\libc_nano.a(lib_a-nano-vfprintf_float.o)
 .debug_frame   0x0000000000001984       0x60 c:/st/stm32cubeide_1.4.0/stm32cubeide/plugins/com.st.stm32cube.ide.mcu.externaltools.gnu-tools-for-stm32.7-2018-q2-update.win32_1.4.0.202007081208/tools/bin/../lib/gcc/arm-none-eabi/7.3.1/../../../../arm-none-eabi/lib/thumb/v7-m\libc_nano.a(lib_a-nano-vfprintf_i.o)
 .debug_frame   0x00000000000019e4       0x28 c:/st/stm32cubeide_1.4.0/stm32cubeide/plugins/com.st.stm32cube.ide.mcu.externaltools.gnu-tools-for-stm32.7-2018-q2-update.win32_1.4.0.202007081208/tools/bin/../lib/gcc/arm-none-eabi/7.3.1/../../../../arm-none-eabi/lib/thumb/v7-m\libc_nano.a(lib_a-strncmp.o)
 .debug_frame   0x0000000000001a0c       0x2c c:/st/stm32cubeide_1.4.0/stm32cubeide/plugins/com.st.stm32cube.ide.mcu.externaltools.gnu-tools-for-stm32.7-2018-q2-update.win32_1.4.0.202007081208/tools/bin/../lib/gcc/arm-none-eabi/7.3.1/../../../../arm-none-eabi/lib/thumb/v7-m\libc_nano.a(lib_a-strncpy.o)
 .debug_frame   0x0000000000001a38       0x38 c:/st/stm32cubeide_1.4.0/stm32cubeide/plugins/com.st.stm32cube.ide.mcu.externaltools.gnu-tools-for-stm32.7-2018-q2-update.win32_1.4.0.202007081208/tools/bin/../lib/gcc/arm-none-eabi/7.3.1/../../../../arm-none-eabi/lib/thumb/v7-m\libc_nano.a(lib_a-strtok.o)
 .debug_frame   0x0000000000001a70       0x40 c:/st/stm32cubeide_1.4.0/stm32cubeide/plugins/com.st.stm32cube.ide.mcu.externaltools.gnu-tools-for-stm32.7-2018-q2-update.win32_1.4.0.202007081208/tools/bin/../lib/gcc/arm-none-eabi/7.3.1/../../../../arm-none-eabi/lib/thumb/v7-m\libc_nano.a(lib_a-strtok_r.o)
 .debug_frame   0x0000000000001ab0       0x6c c:/st/stm32cubeide_1.4.0/stm32cubeide/plugins/com.st.stm32cube.ide.mcu.externaltools.gnu-tools-for-stm32.7-2018-q2-update.win32_1.4.0.202007081208/tools/bin/../lib/gcc/arm-none-eabi/7.3.1/../../../../arm-none-eabi/lib/thumb/v7-m\libc_nano.a(lib_a-dtoa.o)
 .debug_frame   0x0000000000001b1c       0x40 c:/st/stm32cubeide_1.4.0/stm32cubeide/plugins/com.st.stm32cube.ide.mcu.externaltools.gnu-tools-for-stm32.7-2018-q2-update.win32_1.4.0.202007081208/tools/bin/../lib/gcc/arm-none-eabi/7.3.1/../../../../arm-none-eabi/lib/thumb/v7-m\libc_nano.a(lib_a-localeconv.o)
 .debug_frame   0x0000000000001b5c       0x30 c:/st/stm32cubeide_1.4.0/stm32cubeide/plugins/com.st.stm32cube.ide.mcu.externaltools.gnu-tools-for-stm32.7-2018-q2-update.win32_1.4.0.202007081208/tools/bin/../lib/gcc/arm-none-eabi/7.3.1/../../../../arm-none-eabi/lib/thumb/v7-m\libc_nano.a(lib_a-malloc.o)
 .debug_frame   0x0000000000001b8c      0x248 c:/st/stm32cubeide_1.4.0/stm32cubeide/plugins/com.st.stm32cube.ide.mcu.externaltools.gnu-tools-for-stm32.7-2018-q2-update.win32_1.4.0.202007081208/tools/bin/../lib/gcc/arm-none-eabi/7.3.1/../../../../arm-none-eabi/lib/thumb/v7-m\libc_nano.a(lib_a-mprec.o)
 .debug_frame   0x0000000000001dd4       0x2c c:/st/stm32cubeide_1.4.0/stm32cubeide/plugins/com.st.stm32cube.ide.mcu.externaltools.gnu-tools-for-stm32.7-2018-q2-update.win32_1.4.0.202007081208/tools/bin/../lib/gcc/arm-none-eabi/7.3.1/../../../../arm-none-eabi/lib/thumb/v7-m\libc_nano.a(lib_a-nano-callocr.o)
 .debug_frame   0x0000000000001e00       0x2c c:/st/stm32cubeide_1.4.0/stm32cubeide/plugins/com.st.stm32cube.ide.mcu.externaltools.gnu-tools-for-stm32.7-2018-q2-update.win32_1.4.0.202007081208/tools/bin/../lib/gcc/arm-none-eabi/7.3.1/../../../../arm-none-eabi/lib/thumb/v7-m\libc_nano.a(lib_a-nano-mallocr.o)
 .debug_frame   0x0000000000001e2c       0x2c c:/st/stm32cubeide_1.4.0/stm32cubeide/plugins/com.st.stm32cube.ide.mcu.externaltools.gnu-tools-for-stm32.7-2018-q2-update.win32_1.4.0.202007081208/tools/bin/../lib/gcc/arm-none-eabi/7.3.1/../../../../arm-none-eabi/lib/thumb/v7-m\libc_nano.a(lib_a-sbrkr.o)
 .debug_frame   0x0000000000001e58       0x68 c:/st/stm32cubeide_1.4.0/stm32cubeide/plugins/com.st.stm32cube.ide.mcu.externaltools.gnu-tools-for-stm32.7-2018-q2-update.win32_1.4.0.202007081208/tools/bin/../lib/gcc/arm-none-eabi/7.3.1/../../../../arm-none-eabi/lib/thumb/v7-m\libc_nano.a(lib_a-locale.o)
 .debug_frame   0x0000000000001ec0       0x48 c:/st/stm32cubeide_1.4.0/stm32cubeide/plugins/com.st.stm32cube.ide.mcu.externaltools.gnu-tools-for-stm32.7-2018-q2-update.win32_1.4.0.202007081208/tools/bin/../lib/gcc/arm-none-eabi/7.3.1/../../../../arm-none-eabi/lib/thumb/v7-m\libc_nano.a(lib_a-mbtowc_r.o)
 .debug_frame   0x0000000000001f08       0x30 c:/st/stm32cubeide_1.4.0/stm32cubeide/plugins/com.st.stm32cube.ide.mcu.externaltools.gnu-tools-for-stm32.7-2018-q2-update.win32_1.4.0.202007081208/tools/bin/../lib/gcc/arm-none-eabi/7.3.1/../../../../arm-none-eabi/lib/thumb/v7-m\libc_nano.a(lib_a-mlock.o)
 .debug_frame   0x0000000000001f38       0x5c c:/st/stm32cubeide_1.4.0/stm32cubeide/plugins/com.st.stm32cube.ide.mcu.externaltools.gnu-tools-for-stm32.7-2018-q2-update.win32_1.4.0.202007081208/tools/bin/../lib/gcc/arm-none-eabi/7.3.1/../../../../arm-none-eabi/lib/thumb/v7-m\libc_nano.a(lib_a-reent.o)
 .debug_frame   0x0000000000001f94       0x3c c:/st/stm32cubeide_1.4.0/stm32cubeide/plugins/com.st.stm32cube.ide.mcu.externaltools.gnu-tools-for-stm32.7-2018-q2-update.win32_1.4.0.202007081208/tools/bin/../lib/gcc/arm-none-eabi/7.3.1/../../../../arm-none-eabi/lib/thumb/v7-m\libc_nano.a(lib_a-wctomb_r.o)
 .debug_frame   0x0000000000001fd0       0xac c:/st/stm32cubeide_1.4.0/stm32cubeide/plugins/com.st.stm32cube.ide.mcu.externaltools.gnu-tools-for-stm32.7-2018-q2-update.win32_1.4.0.202007081208/tools/bin/../lib/gcc/arm-none-eabi/7.3.1/thumb/v7-m\libgcc.a(_arm_addsubdf3.o)
 .debug_frame   0x000000000000207c       0x50 c:/st/stm32cubeide_1.4.0/stm32cubeide/plugins/com.st.stm32cube.ide.mcu.externaltools.gnu-tools-for-stm32.7-2018-q2-update.win32_1.4.0.202007081208/tools/bin/../lib/gcc/arm-none-eabi/7.3.1/thumb/v7-m\libgcc.a(_arm_muldivdf3.o)
 .debug_frame   0x00000000000020cc       0xc4 c:/st/stm32cubeide_1.4.0/stm32cubeide/plugins/com.st.stm32cube.ide.mcu.externaltools.gnu-tools-for-stm32.7-2018-q2-update.win32_1.4.0.202007081208/tools/bin/../lib/gcc/arm-none-eabi/7.3.1/thumb/v7-m\libgcc.a(_arm_cmpdf2.o)
 .debug_frame   0x0000000000002190       0x20 c:/st/stm32cubeide_1.4.0/stm32cubeide/plugins/com.st.stm32cube.ide.mcu.externaltools.gnu-tools-for-stm32.7-2018-q2-update.win32_1.4.0.202007081208/tools/bin/../lib/gcc/arm-none-eabi/7.3.1/thumb/v7-m\libgcc.a(_arm_unorddf2.o)
 .debug_frame   0x00000000000021b0       0x24 c:/st/stm32cubeide_1.4.0/stm32cubeide/plugins/com.st.stm32cube.ide.mcu.externaltools.gnu-tools-for-stm32.7-2018-q2-update.win32_1.4.0.202007081208/tools/bin/../lib/gcc/arm-none-eabi/7.3.1/thumb/v7-m\libgcc.a(_arm_fixdfsi.o)
