Stm32_F103C6_EXTI_driver.c:33:6:Enable_NVIC	16	static
Stm32_F103C6_EXTI_driver.c:68:6:Disable_NVIC	16	static
Stm32_F103C6_EXTI_driver.c:105:6:Update_EXTI	24	static
Stm32_F103C6_EXTI_driver.c:199:6:MCAL_EXTI_GPIO_Init	16	static
Stm32_F103C6_EXTI_driver.c:217:6:MCAL_EXTI_GPIO_DeInit	4	static
Stm32_F103C6_EXTI_driver.c:250:6:MCAL_EXTI_GPIO_Update	16	static
Stm32_F103C6_EXTI_driver.c:264:6:EXTI0_IRQHandler	8	static
Stm32_F103C6_EXTI_driver.c:272:6:EXTI1_IRQHandler	8	static
Stm32_F103C6_EXTI_driver.c:278:6:EXTI2_IRQHandler	8	static
Stm32_F103C6_EXTI_driver.c:284:6:EXTI3_IRQHandler	8	static
Stm32_F103C6_EXTI_driver.c:290:6:EXTI4_IRQHandler	8	static
Stm32_F103C6_EXTI_driver.c:296:6:EXTI9_5_IRQHandler	16	static
Stm32_F103C6_EXTI_driver.c:309:6:EXTI15_10_IRQHandler	16	static
