CAN.c:227:17:HAL_GetTick	4	static
CAN.c:288:6:USB_HP_CAN_TX_IRQHandler	8	static
CAN.c:302:6:USB_LP_CAN_RX0_IRQHandler	8	static
CAN.c:316:6:CAN_SCE_IRQHandler	8	static
CAN.c:330:6:CAN1_SCE_IRQHandler	8	static
CAN.c:340:19:HAL_CAN_Init	24	static
CAN.c:525:19:HAL_CAN_DeInit	16	static
CAN.c:586:6:HAL_CAN_MspInit	32	static
CAN.c:961:19:HAL_CAN_ConfigFilter	32	static
CAN.c:1127:19:HAL_CAN_Start	24	static
CAN.c:1179:19:HAL_CAN_Stop	24	static
CAN.c:1234:19:HAL_CAN_RequestSleep	24	static
CAN.c:1265:19:HAL_CAN_WakeUp	24	static
CAN.c:1312:10:HAL_CAN_IsSleepActive	24	static
CAN.c:1343:19:HAL_CAN_AddTxMessage	40	static
CAN.c:1443:19:HAL_CAN_AbortTxRequest	24	static
CAN.c:1492:10:HAL_CAN_GetTxMailboxesFreeLevel	24	static
CAN.c:1535:10:HAL_CAN_IsTxMessagePending	24	static
CAN.c:1567:10:HAL_CAN_GetTxTimestamp	40	static,ignoring_inline_asm
CAN.c:1601:19:HAL_CAN_GetRxMessage	32	static
CAN.c:1701:10:HAL_CAN_GetRxFifoFillLevel	24	static
CAN.c:1754:19:HAL_CAN_ActivateNotification	24	static
CAN.c:1787:19:HAL_CAN_DeactivateNotification	24	static
CAN.c:1818:6:HAL_CAN_IRQHandler	48	static
CAN.c:2229:13:HAL_CAN_TxMailbox0CompleteCallback	16	static
CAN.c:2246:13:HAL_CAN_TxMailbox1CompleteCallback	16	static
CAN.c:2263:13:HAL_CAN_TxMailbox2CompleteCallback	16	static
CAN.c:2280:13:HAL_CAN_TxMailbox0AbortCallback	16	static
CAN.c:2297:13:HAL_CAN_TxMailbox1AbortCallback	16	static
CAN.c:2314:13:HAL_CAN_TxMailbox2AbortCallback	16	static
CAN.c:2331:13:HAL_CAN_RxFifo0MsgPendingCallback	16	static
CAN.c:2348:13:HAL_CAN_RxFifo0FullCallback	16	static
CAN.c:2365:13:HAL_CAN_RxFifo1MsgPendingCallback	16	static
CAN.c:2382:13:HAL_CAN_RxFifo1FullCallback	16	static
CAN.c:2399:13:HAL_CAN_SleepCallback	16	static
CAN.c:2415:13:HAL_CAN_WakeUpFromRxMsgCallback	16	static
CAN.c:2432:13:HAL_CAN_ErrorCallback	16	static
CAN.c:2469:22:HAL_CAN_GetState	24	static
CAN.c:2504:10:HAL_CAN_GetError	16	static
CAN.c:2516:19:HAL_CAN_ResetError	24	static
CAN.c:2545:6:MX_GPIO_Init	4	static
CAN.c:2569:6:CAN_TX	56	static
CAN.c:2604:6:CAN_RX_Filter_Init	56	static
CAN.c:2622:6:CAN_RX	56	static
