Stm32_F103C6_EXTI_drivers.c:41:6:Enable_NVIC	16	static
Stm32_F103C6_EXTI_drivers.c:78:6:Disable_NVIC	16	static
Stm32_F103C6_EXTI_drivers.c:121:6:Update_EXTI	24	static
Stm32_F103C6_EXTI_drivers.c:194:6:MCAL_EXTI_GPIO_Init	16	static
Stm32_F103C6_EXTI_drivers.c:205:6:MCAL_EXTI_GPIO_DeInit	4	static
Stm32_F103C6_EXTI_drivers.c:235:6:MCAL_EXTI_GPIO_Update	16	static
Stm32_F103C6_EXTI_drivers.c:249:6:EXTI0_IRQHandler	8	static
Stm32_F103C6_EXTI_drivers.c:257:6:EXTI1_IRQHandler	8	static
Stm32_F103C6_EXTI_drivers.c:265:6:EXTI2_IRQHandler	8	static
Stm32_F103C6_EXTI_drivers.c:273:6:EXTI3_IRQHandler	8	static
Stm32_F103C6_EXTI_drivers.c:281:6:EXTI4_IRQHandler	8	static
Stm32_F103C6_EXTI_drivers.c:289:6:EXTI9_5_IRQHandler	8	static
Stm32_F103C6_EXTI_drivers.c:298:6:EXTI15_10_IRQHandler	8	static
