stm32_F103C6_EXTI_driver.c:54:6:Enable_NVIC	16	static
stm32_F103C6_EXTI_driver.c:94:6:Disable_NVIC	16	static
stm32_F103C6_EXTI_driver.c:140:6:Update_EXTI	24	static
stm32_F103C6_EXTI_driver.c:217:6:MCAL_EXTI_GPIO_Init	16	static
stm32_F103C6_EXTI_driver.c:236:6:EXTI0_IRQHandler	8	static
stm32_F103C6_EXTI_driver.c:242:6:EXTI1_IRQHandler	8	static
stm32_F103C6_EXTI_driver.c:249:6:EXTI2_IRQHandler	8	static
stm32_F103C6_EXTI_driver.c:256:6:EXTI3_IRQHandler	8	static
stm32_F103C6_EXTI_driver.c:263:6:EXTI4_IRQHandler	8	static
stm32_F103C6_EXTI_driver.c:271:6:EXTI9_5_IRQHandler	8	static
stm32_F103C6_EXTI_driver.c:327:6:EXTI15_10_IRQHandler	8	static
stm32_F103C6_EXTI_driver.c:410:6:MCAL_EXTI_GPIO_Deinit	4	static
stm32_F103C6_EXTI_driver.c:447:6:MCAL_EXTI_GPIO_Update	16	static
